EN flash_fifo512x16 NULL "//slac/my storage/groups/CD/EIE/projects/XTCAV/MKSUII/chassis/xilinx/mksuii_x/ipcore_dir/Flash_Fifo512x16.vhd" sub00/vhpl38 1371757715
AR oneshotcen4bit behaviour "//slac/my storage/groups/CD/EIE/projects/XTCAV/MKSUII/chassis/vhdl/oneshotCEn4Bit.vhd" sub00/vhpl47 1371757724
AR mksuii_glink behavioral "//slac/my storage/groups/CD/EIE/projects/XTCAV/MKSUII/chassis/vhdl/mksuii_Glink.vhd" sub00/vhpl91 1371757768
EN glink_intf NULL "//slac/my storage/groups/CD/EIE/projects/XTCAV/MKSUII/chassis/vhdl/glink_intfFixIP.vhd" sub00/vhpl76 1371757753
EN faulthistoryram NULL "//slac/my storage/groups/CD/EIE/projects/XTCAV/MKSUII/chassis/xilinx/mksuii_x/ipcore_dir/FaultHistoryRam.vhd" sub00/vhpl44 1371757721
AR spi_fifo spi_fifo_a "//slac/my storage/groups/CD/EIE/projects/XTCAV/MKSUII/chassis/xilinx/mksuii_x/ipcore_dir/SPI_Fifo.vhd" sub00/vhpl23 1371757700
AR threscomp behavioral "//slac/my storage/groups/CD/EIE/projects/XTCAV/MKSUII/chassis/vhdl/ThresComp.vhd" sub00/vhpl25 1371757702
AR ram512x12dp ram512x12dp_a "//slac/my storage/groups/CD/EIE/projects/XTCAV/MKSUII/chassis/xilinx/mksuii_x/ipcore_dir/Ram512x12dp.vhd" sub00/vhpl29 1371757706
EN ram16x16dp NULL "//slac/my storage/groups/CD/EIE/projects/XTCAV/MKSUII/chassis/xilinx/mksuii_x/ipcore_dir/Ram16x16dp.vhd" sub00/vhpl68 1371757745
AR oneshotcen behaviour "//slac/my storage/groups/CD/EIE/projects/XTCAV/MKSUII/chassis/vhdl/oneshotCEn.vhd" sub00/vhpl55 1371757732
EN sign16plussign16 NULL "//slac/my storage/groups/CD/EIE/projects/XTCAV/MKSUII/chassis/xilinx/mksuii_x/ipcore_dir/sign16plussign16.vhd" sub00/vhpl16 1371757693
EN flash_intf NULL "//slac/my storage/groups/CD/EIE/projects/XTCAV/MKSUII/chassis/vhdl/flash_intf.vhd" sub01/vhpl142 1371757819
AR focuscoil behaviour "//slac/my storage/groups/CD/EIE/projects/XTCAV/MKSUII/chassis/vhdl/FocusCoil.vhd" sub01/vhpl115 1371757792
AR trigger behaviour "//slac/my storage/groups/CD/EIE/projects/XTCAV/MKSUII/chassis/vhdl/Trigger.vhd" sub00/vhpl97 1371757774
EN fastdiffin NULL "//slac/my storage/groups/CD/EIE/projects/XTCAV/MKSUII/chassis/vhdl/FastDiffIn.vhd" sub00/vhpl32 1371757709
AR fastchannel behavioral "//slac/my storage/groups/CD/EIE/projects/XTCAV/MKSUII/chassis/vhdl/FastChannel.vhd" sub00/vhpl73 1371757750
AR localtrigger behavioral "//slac/my storage/groups/CD/EIE/projects/XTCAV/MKSUII/chassis/vhdl/LocalTrigger.vhd" sub00/vhpl95 1371757772
EN gigabit_block NULL "//slac/my storage/groups/CD/EIE/projects/XTCAV/MKSUII/chassis/vhdl/Coregen/GigaBit/GigaBit_block.vhd" sub00/vhpl34 1371757711
AR frontpanel_input behavioral "//slac/my storage/groups/CD/EIE/projects/XTCAV/MKSUII/chassis/vhdl/FrontPanel_Input.vhd" sub00/vhpl89 1371757766
AR sign16plussign16 sign16plussign16_a "//slac/my storage/groups/CD/EIE/projects/XTCAV/MKSUII/chassis/xilinx/mksuii_x/ipcore_dir/sign16plussign16.vhd" sub00/vhpl17 1371757694
EN mults16s16x54 NULL "//slac/my storage/groups/CD/EIE/projects/XTCAV/MKSUII/chassis/xilinx/mksuii_x/ipcore_dir/mults16s16x54.vhd" sub00/vhpl14 1371757691
EN spi_fifo NULL "//slac/my storage/groups/CD/EIE/projects/XTCAV/MKSUII/chassis/xilinx/mksuii_x/ipcore_dir/SPI_Fifo.vhd" sub00/vhpl22 1371757699
EN threscomp NULL "//slac/my storage/groups/CD/EIE/projects/XTCAV/MKSUII/chassis/vhdl/ThresComp.vhd" sub00/vhpl24 1371757701
AR alu behavioral "//slac/my storage/groups/CD/EIE/projects/XTCAV/MKSUII/chassis/vhdl/alu.vhd" sub00/vhpl51 1371757728
EN faulthistory NULL "//slac/my storage/groups/CD/EIE/projects/XTCAV/MKSUII/chassis/xilinx/mksuii_x/FaultHistory.vhd" sub01/vhpl138 1371757815
AR acc12x16 acc12x16_a "//slac/my storage/groups/CD/EIE/projects/XTCAV/MKSUII/chassis/xilinx/mksuii_x/ipcore_dir/Acc12x16.vhd" sub00/vhpl65 1371757742
AR magintf behaviour "//slac/my storage/groups/CD/EIE/projects/XTCAV/MKSUII/chassis/vhdl/MagIntf.vhd" sub01/vhpl127 1371757804
AR flow_intf behaviour "//slac/my storage/groups/CD/EIE/projects/XTCAV/MKSUII/chassis/vhdl/flow_intf.vhd" sub01/vhpl121 1371757798
EN wg_vac NULL "//slac/my storage/groups/CD/EIE/projects/XTCAV/MKSUII/chassis/vhdl/WGVac.vhd" sub01/vhpl124 1371757801
AR clken_gen behavioral "//slac/my storage/groups/CD/EIE/projects/XTCAV/MKSUII/chassis/vhdl/ClkEn_Gen.vhd" sub00/vhpl87 1371757764
AR flash_fifo512x16 flash_fifo512x16_a "//slac/my storage/groups/CD/EIE/projects/XTCAV/MKSUII/chassis/xilinx/mksuii_x/ipcore_dir/Flash_Fifo512x16.vhd" sub00/vhpl39 1371757716
EN rfdrivedpmem NULL "//slac/my storage/groups/CD/EIE/projects/XTCAV/MKSUII/chassis/xilinx/mksuii_x/ipcore_dir/RFDriveDPMem.vhd" sub00/vhpl56 1371757733
EN clken_gen NULL "//slac/my storage/groups/CD/EIE/projects/XTCAV/MKSUII/chassis/vhdl/ClkEn_Gen.vhd" sub00/vhpl86 1371757763
EN frontpanel_led NULL "//slac/my storage/groups/CD/EIE/projects/XTCAV/MKSUII/chassis/vhdl/FrontPanel_LED.vhd" sub01/vhpl104 1371757781
EN fastadcintf NULL "//slac/my storage/groups/CD/EIE/projects/XTCAV/MKSUII/chassis/vhdl/FastADCIntf.vhd" sub00/vhpl98 1371757775
EN ionpump NULL "//slac/my storage/groups/CD/EIE/projects/XTCAV/MKSUII/chassis/vhdl/IonPump.vhd" sub01/vhpl128 1371757805
EN gigabit NULL "//slac/my storage/groups/CD/EIE/projects/XTCAV/MKSUII/chassis/vhdl/Coregen/GigaBit/GigaBit.vhd" sub00/vhpl12 1371757689
EN gigabit_locallink NULL "//slac/my storage/groups/CD/EIE/projects/XTCAV/MKSUII/chassis/vhdl/Coregen/GigaBit/GigaBit_locallink.vhd" sub00/vhpl78 1371757755
EN glink_decode NULL "//slac/my storage/groups/CD/EIE/projects/XTCAV/MKSUII/chassis/vhdl/Glink_Decode.vhd" sub00/vhpl92 1371757769
EN fadcclkdcm NULL "//slac/my storage/groups/CD/EIE/projects/XTCAV/MKSUII/chassis/xilinx/mksuii_x/FADCClkDCM.vhd" sub00/vhpl30 1371757707
AR fastadcintf behaviour "//slac/my storage/groups/CD/EIE/projects/XTCAV/MKSUII/chassis/vhdl/FastADCIntf.vhd" sub00/vhpl99 1371757776
AR ad9228input behavioral "//slac/my storage/groups/CD/EIE/projects/XTCAV/MKSUII/chassis/vhdl/ad9228Input.vhd" sub00/vhpl71 1371757748
EN modcmd NULL "//slac/my storage/groups/CD/EIE/projects/XTCAV/MKSUII/chassis/vhdl/ModCmd.vhd" sub01/vhpl118 1371757795
EN max1308intf NULL "//slac/my storage/groups/CD/EIE/projects/XTCAV/MKSUII/chassis/vhdl/max1308Intf.vhd" sub00/vhpl62 1371757739
AR faulthistory behavioral "//slac/my storage/groups/CD/EIE/projects/XTCAV/MKSUII/chassis/xilinx/mksuii_x/FaultHistory.vhd" sub01/vhpl139 1371757816
PH mksuii NULL "//slac/my storage/groups/CD/EIE/projects/XTCAV/MKSUII/chassis/vhdl/mksuiiFixedIP_x_pkg.vhd" sub00/vhpl02 1371757679
AR debounce behavioral "//slac/my storage/groups/CD/EIE/projects/XTCAV/MKSUII/chassis/vhdl/DeBounce.vhd" sub00/vhpl53 1371757730
EN sysinfo NULL "//slac/my storage/groups/CD/EIE/projects/XTCAV/MKSUII/chassis/vhdl/SysInfo.vhd" sub01/vhpl132 1371757809
AR gtp_dual_1000x structural "//slac/my storage/groups/CD/EIE/projects/XTCAV/MKSUII/chassis/vhdl/Coregen/GigaBit/gtp_dual_1000X.vhd" sub00/vhpl11 1371757688
AR slow_adc_cntl behavioral "//slac/my storage/groups/CD/EIE/projects/XTCAV/MKSUII/chassis/vhdl/Slow_ADC_Cntl.vhd" sub01/vhpl101 1371757778
AR frontpanel_led behavioral "//slac/my storage/groups/CD/EIE/projects/XTCAV/MKSUII/chassis/vhdl/FrontPanel_LED.vhd" sub01/vhpl105 1371757782
EN fastchannel NULL "//slac/my storage/groups/CD/EIE/projects/XTCAV/MKSUII/chassis/vhdl/FastChannel.vhd" sub00/vhpl72 1371757749
EN trigger NULL "//slac/my storage/groups/CD/EIE/projects/XTCAV/MKSUII/chassis/vhdl/Trigger.vhd" sub00/vhpl96 1371757773
EN clkdet119mhz NULL "//slac/my storage/groups/CD/EIE/projects/XTCAV/MKSUII/chassis/vhdl/ClkDet119Mhz.vhd" sub00/vhpl82 1371757759
AR rocketio_wrapper_gtp_tile rtl "//slac/my storage/groups/CD/EIE/projects/XTCAV/MKSUII/chassis/vhdl/Coregen/GigaBit/rocketio_wrapper_gtp_tile.vhd" sub00/vhpl01 1371757678
AR dpot behaviour "//slac/my storage/groups/CD/EIE/projects/XTCAV/MKSUII/chassis/vhdl/DPot.vhd" sub00/vhpl75 1371757752
AR glink_decode behavioral "//slac/my storage/groups/CD/EIE/projects/XTCAV/MKSUII/chassis/vhdl/Glink_Decode.vhd" sub00/vhpl93 1371757770
EN prog_strobe16 NULL "//slac/my storage/groups/CD/EIE/projects/XTCAV/MKSUII/chassis/vhdl/prog_strobe16.vhd" sub00/vhpl20 1371757697
AR sysmon_dpram sysmon_dpram_a "//slac/my storage/groups/CD/EIE/projects/XTCAV/MKSUII/chassis/xilinx/mksuii_x/ipcore_dir/sysmon_dpram.vhd" sub00/vhpl61 1371757738
AR mon_adc_cntl behavioral "//slac/my storage/groups/CD/EIE/projects/XTCAV/MKSUII/chassis/vhdl/Mon_ADC_Cntl.vhd" sub01/vhpl103 1371757780
AR ram16x16 ram16x16_a "//slac/my storage/groups/CD/EIE/projects/XTCAV/MKSUII/chassis/xilinx/mksuii_x/ipcore_dir/ram16x16.vhd" sub00/vhpl67 1371757744
AR pon_rst behavioral "//slac/my storage/groups/CD/EIE/projects/XTCAV/MKSUII/chassis/vhdl/pon_rst.vhd" sub00/vhpl81 1371757758
EN sysmon_dpram NULL "//slac/my storage/groups/CD/EIE/projects/XTCAV/MKSUII/chassis/xilinx/mksuii_x/ipcore_dir/sysmon_dpram.vhd" sub00/vhpl60 1371757737
EN magintf NULL "//slac/my storage/groups/CD/EIE/projects/XTCAV/MKSUII/chassis/vhdl/MagIntf.vhd" sub01/vhpl126 1371757803
AR sfp_intf behavioral "//slac/my storage/groups/CD/EIE/projects/XTCAV/MKSUII/chassis/vhdl/sfp_intf.vhd" sub01/vhpl141 1371757818
AR digit rtl "//slac/my storage/groups/CD/EIE/projects/XTCAV/MKSUII/chassis/vhdl/digit.vhd" sub00/vhpl05 1371757682
EN debounce NULL "//slac/my storage/groups/CD/EIE/projects/XTCAV/MKSUII/chassis/vhdl/DeBounce.vhd" sub00/vhpl52 1371757729
AR mults16s16x54 mults16s16x54_a "//slac/my storage/groups/CD/EIE/projects/XTCAV/MKSUII/chassis/xilinx/mksuii_x/ipcore_dir/mults16s16x54.vhd" sub00/vhpl15 1371757692
AR tempadc behaviour "//slac/my storage/groups/CD/EIE/projects/XTCAV/MKSUII/chassis/vhdl/TempADC.vhd" sub01/vhpl109 1371757786
AR gigabit_locallink top_level "//slac/my storage/groups/CD/EIE/projects/XTCAV/MKSUII/chassis/vhdl/Coregen/GigaBit/GigaBit_locallink.vhd" sub00/vhpl79 1371757756
AR clkdet119mhz behavioral "//slac/my storage/groups/CD/EIE/projects/XTCAV/MKSUII/chassis/vhdl/ClkDet119Mhz.vhd" sub00/vhpl83 1371757760
EN digit NULL "//slac/my storage/groups/CD/EIE/projects/XTCAV/MKSUII/chassis/vhdl/digit.vhd" sub00/vhpl04 1371757681
AR faulthistoryram faulthistoryram_a "//slac/my storage/groups/CD/EIE/projects/XTCAV/MKSUII/chassis/xilinx/mksuii_x/ipcore_dir/FaultHistoryRam.vhd" sub00/vhpl45 1371757722
EN mon_adc_cntl NULL "//slac/my storage/groups/CD/EIE/projects/XTCAV/MKSUII/chassis/vhdl/Mon_ADC_Cntl.vhd" sub01/vhpl102 1371757779
AR flash_intf behavioral "//slac/my storage/groups/CD/EIE/projects/XTCAV/MKSUII/chassis/vhdl/flash_intf.vhd" sub01/vhpl143 1371757820
EN ad9228input NULL "//slac/my storage/groups/CD/EIE/projects/XTCAV/MKSUII/chassis/vhdl/ad9228Input.vhd" sub00/vhpl70 1371757747
AR xsysmon xilinx "//slac/my storage/groups/CD/EIE/projects/XTCAV/MKSUII/chassis/xilinx/mksuii_x/ipcore_dir/xsysmon.vhd" sub00/vhpl59 1371757736
EN flow_intf NULL "//slac/my storage/groups/CD/EIE/projects/XTCAV/MKSUII/chassis/vhdl/flow_intf.vhd" sub01/vhpl120 1371757797
AR glink_intf behavioral "//slac/my storage/groups/CD/EIE/projects/XTCAV/MKSUII/chassis/vhdl/glink_intfFixIP.vhd" sub00/vhpl77 1371757754
AR mksuii_x behavioral "//slac/my storage/groups/CD/EIE/projects/XTCAV/MKSUII/chassis/vhdl/mksuii_x.vhd" sub01/vhpl145 1371757822
EN frontpanel_input NULL "//slac/my storage/groups/CD/EIE/projects/XTCAV/MKSUII/chassis/vhdl/FrontPanel_Input.vhd" sub00/vhpl88 1371757765
AR ediptft43_intf behavioral "//slac/my storage/groups/CD/EIE/projects/XTCAV/MKSUII/chassis/vhdl/eDipTFT43_Intf.vhd" sub00/vhpl49 1371757726
EN mksuii_x NULL "//slac/my storage/groups/CD/EIE/projects/XTCAV/MKSUII/chassis/vhdl/mksuii_x.vhd" sub01/vhpl144 1371757821
AR acc12x20 acc12x20_a "//slac/my storage/groups/CD/EIE/projects/XTCAV/MKSUII/chassis/xilinx/mksuii_x/ipcore_dir/Acc12x20.vhd" sub00/vhpl27 1371757704
EN flash_fifo_dpram512x15 NULL "//slac/my storage/groups/CD/EIE/projects/XTCAV/MKSUII/chassis/xilinx/mksuii_x/ipcore_dir/Flash_Fifo_DPRam512x15.vhd" sub00/vhpl40 1371757717
AR displayintf behavioral "//slac/my storage/groups/CD/EIE/projects/XTCAV/MKSUII/chassis/vhdl/displayIntf.vhd" sub01/vhpl135 1371757812
EN tankpump NULL "//slac/my storage/groups/CD/EIE/projects/XTCAV/MKSUII/chassis/vhdl/TankPump.vhd" sub01/vhpl116 1371757793
AR tankpump behaviour "//slac/my storage/groups/CD/EIE/projects/XTCAV/MKSUII/chassis/vhdl/TankPump.vhd" sub01/vhpl117 1371757794
EN localtrigger NULL "//slac/my storage/groups/CD/EIE/projects/XTCAV/MKSUII/chassis/vhdl/LocalTrigger.vhd" sub00/vhpl94 1371757771
EN ram512x12dp NULL "//slac/my storage/groups/CD/EIE/projects/XTCAV/MKSUII/chassis/xilinx/mksuii_x/ipcore_dir/Ram512x12dp.vhd" sub00/vhpl28 1371757705
EN displayintf NULL "//slac/my storage/groups/CD/EIE/projects/XTCAV/MKSUII/chassis/vhdl/displayIntf.vhd" sub01/vhpl134 1371757811
EN slow_adc_cntl NULL "//slac/my storage/groups/CD/EIE/projects/XTCAV/MKSUII/chassis/vhdl/Slow_ADC_Cntl.vhd" sub01/vhpl100 1371757777
EN fadcspi NULL "//slac/my storage/groups/CD/EIE/projects/XTCAV/MKSUII/chassis/vhdl/FADCSpi.vhd" sub01/vhpl110 1371757787
EN faultgen NULL "//slac/my storage/groups/CD/EIE/projects/XTCAV/MKSUII/chassis/vhdl/FaultGen.vhd" sub01/vhpl136 1371757813
AR fastdiffin behavioral "//slac/my storage/groups/CD/EIE/projects/XTCAV/MKSUII/chassis/vhdl/FastDiffIn.vhd" sub00/vhpl33 1371757710
EN rfdrive NULL "//slac/my storage/groups/CD/EIE/projects/XTCAV/MKSUII/chassis/vhdl/RFDrive.vhd" sub01/vhpl112 1371757789
EN bcdconv NULL "//slac/my storage/groups/CD/EIE/projects/XTCAV/MKSUII/chassis/vhdl/bcdconv.vhd" sub00/vhpl18 1371757695
EN control_intf NULL "//slac/my storage/groups/CD/EIE/projects/XTCAV/MKSUII/chassis/vhdl/controlIntf.vhd" sub01/vhpl130 1371757807
PB mksuii mksuii "//slac/my storage/groups/CD/EIE/projects/XTCAV/MKSUII/chassis/vhdl/mksuiiFixedIP_x_pkg.vhd" sub00/vhpl03 1371757680
EN oneshotcen NULL "//slac/my storage/groups/CD/EIE/projects/XTCAV/MKSUII/chassis/vhdl/oneshotCEn.vhd" sub00/vhpl54 1371757731
EN ediptft43_intf NULL "//slac/my storage/groups/CD/EIE/projects/XTCAV/MKSUII/chassis/vhdl/eDipTFT43_Intf.vhd" sub00/vhpl48 1371757725
EN dpram_fo NULL "//slac/my storage/groups/CD/EIE/projects/XTCAV/MKSUII/chassis/vhdl/Coregen/DPRam/dpram_fo.vhd" sub00/vhpl42 1371757719
AR max1308intf behavioral "//slac/my storage/groups/CD/EIE/projects/XTCAV/MKSUII/chassis/vhdl/max1308Intf.vhd" sub00/vhpl63 1371757740
AR control_intf behaviour "//slac/my storage/groups/CD/EIE/projects/XTCAV/MKSUII/chassis/vhdl/controlIntf.vhd" sub01/vhpl131 1371757808
EN gtp_dual_1000x NULL "//slac/my storage/groups/CD/EIE/projects/XTCAV/MKSUII/chassis/vhdl/Coregen/GigaBit/gtp_dual_1000X.vhd" sub00/vhpl10 1371757687
EN pon_rst NULL "//slac/my storage/groups/CD/EIE/projects/XTCAV/MKSUII/chassis/vhdl/pon_rst.vhd" sub00/vhpl80 1371757757
AR dpram_fo dpram_fo_a "//slac/my storage/groups/CD/EIE/projects/XTCAV/MKSUII/chassis/vhdl/Coregen/DPRam/dpram_fo.vhd" sub00/vhpl43 1371757720
AR rx_client_fifo_8 rtl "//slac/my storage/groups/CD/EIE/projects/XTCAV/MKSUII/chassis/vhdl/Coregen/GigaBit/rx_client_fifo_8.vhd" sub00/vhpl09 1371757686
AR ram16x16dp ram16x16dp_a "//slac/my storage/groups/CD/EIE/projects/XTCAV/MKSUII/chassis/xilinx/mksuii_x/ipcore_dir/Ram16x16dp.vhd" sub00/vhpl69 1371757746
EN tempadc NULL "//slac/my storage/groups/CD/EIE/projects/XTCAV/MKSUII/chassis/vhdl/TempADC.vhd" sub01/vhpl108 1371757785
EN dpot NULL "//slac/my storage/groups/CD/EIE/projects/XTCAV/MKSUII/chassis/vhdl/DPot.vhd" sub00/vhpl74 1371757751
EN mksuii_glink NULL "//slac/my storage/groups/CD/EIE/projects/XTCAV/MKSUII/chassis/vhdl/mksuii_Glink.vhd" sub00/vhpl90 1371757767
EN eth_fifo_8 NULL "//slac/my storage/groups/CD/EIE/projects/XTCAV/MKSUII/chassis/vhdl/Coregen/GigaBit/eth_fifo_8.vhd" sub00/vhpl36 1371757713
EN adds16s16 NULL "//slac/my storage/groups/CD/EIE/projects/XTCAV/MKSUII/chassis/xilinx/mksuii_x/ipcore_dir/adds16s16.vhd" sub01/vhpl146 1371757823
EN oneshotcen4bit NULL "//slac/my storage/groups/CD/EIE/projects/XTCAV/MKSUII/chassis/vhdl/oneshotCEn4Bit.vhd" sub00/vhpl46 1371757723
EN rx_client_fifo_8 NULL "//slac/my storage/groups/CD/EIE/projects/XTCAV/MKSUII/chassis/vhdl/Coregen/GigaBit/rx_client_fifo_8.vhd" sub00/vhpl08 1371757685
AR clkmux behavioral "//slac/my storage/groups/CD/EIE/projects/XTCAV/MKSUII/chassis/xilinx/mksuii_x/clkmux.vhd" sub00/vhpl85 1371757762
EN legacymodcmd NULL "//slac/my storage/groups/CD/EIE/projects/XTCAV/MKSUII/chassis/vhdl/LegacyModCmd.vhd" sub01/vhpl122 1371757799
AR flash_fifo_dpram512x15 flash_fifo_dpram512x15_a "//slac/my storage/groups/CD/EIE/projects/XTCAV/MKSUII/chassis/xilinx/mksuii_x/ipcore_dir/Flash_Fifo_DPRam512x15.vhd" sub00/vhpl41 1371757718
EN clkmux NULL "//slac/my storage/groups/CD/EIE/projects/XTCAV/MKSUII/chassis/xilinx/mksuii_x/clkmux.vhd" sub00/vhpl84 1371757761
AR fadcspi behaviour "//slac/my storage/groups/CD/EIE/projects/XTCAV/MKSUII/chassis/vhdl/FADCSpi.vhd" sub01/vhpl111 1371757788
EN focuscoil NULL "//slac/my storage/groups/CD/EIE/projects/XTCAV/MKSUII/chassis/vhdl/FocusCoil.vhd" sub01/vhpl114 1371757791
AR rfdrivedpmem rfdrivedpmem_a "//slac/my storage/groups/CD/EIE/projects/XTCAV/MKSUII/chassis/xilinx/mksuii_x/ipcore_dir/RFDriveDPMem.vhd" sub00/vhpl57 1371757734
EN tx_client_fifo_8 NULL "//slac/my storage/groups/CD/EIE/projects/XTCAV/MKSUII/chassis/vhdl/Coregen/GigaBit/tx_client_fifo_8.vhd" sub00/vhpl06 1371757683
EN sfp_intf NULL "//slac/my storage/groups/CD/EIE/projects/XTCAV/MKSUII/chassis/vhdl/sfp_intf.vhd" sub01/vhpl140 1371757817
AR gigabit_block top_level "//slac/my storage/groups/CD/EIE/projects/XTCAV/MKSUII/chassis/vhdl/Coregen/GigaBit/GigaBit_block.vhd" sub00/vhpl35 1371757712
AR prog_strobe16 behaviour "//slac/my storage/groups/CD/EIE/projects/XTCAV/MKSUII/chassis/vhdl/prog_strobe16.vhd" sub00/vhpl21 1371757698
AR rfdrive behaviour "//slac/my storage/groups/CD/EIE/projects/XTCAV/MKSUII/chassis/vhdl/RFDrive.vhd" sub01/vhpl113 1371757790
AR fadcclkdcm behavioral "//slac/my storage/groups/CD/EIE/projects/XTCAV/MKSUII/chassis/xilinx/mksuii_x/FADCClkDCM.vhd" sub00/vhpl31 1371757708
AR ionpump behaviour "//slac/my storage/groups/CD/EIE/projects/XTCAV/MKSUII/chassis/vhdl/IonPump.vhd" sub01/vhpl129 1371757806
AR gigabit wrapper "//slac/my storage/groups/CD/EIE/projects/XTCAV/MKSUII/chassis/vhdl/Coregen/GigaBit/GigaBit.vhd" sub00/vhpl13 1371757690
AR wg_vac behaviour "//slac/my storage/groups/CD/EIE/projects/XTCAV/MKSUII/chassis/vhdl/WGVac.vhd" sub01/vhpl125 1371757802
EN acc12x20 NULL "//slac/my storage/groups/CD/EIE/projects/XTCAV/MKSUII/chassis/xilinx/mksuii_x/ipcore_dir/Acc12x20.vhd" sub00/vhpl26 1371757703
EN acc12x16 NULL "//slac/my storage/groups/CD/EIE/projects/XTCAV/MKSUII/chassis/xilinx/mksuii_x/ipcore_dir/Acc12x16.vhd" sub00/vhpl64 1371757741
EN rocketio_wrapper_gtp_tile NULL "//slac/my storage/groups/CD/EIE/projects/XTCAV/MKSUII/chassis/vhdl/Coregen/GigaBit/rocketio_wrapper_gtp_tile.vhd" sub00/vhpl00 1371757677
EN sysmon_intf NULL "//slac/my storage/groups/CD/EIE/projects/XTCAV/MKSUII/chassis/vhdl/SysMon_Intf.vhd" sub01/vhpl106 1371757783
AR sysinfo behaviour "//slac/my storage/groups/CD/EIE/projects/XTCAV/MKSUII/chassis/vhdl/SysInfo.vhd" sub01/vhpl133 1371757810
EN xsysmon NULL "//slac/my storage/groups/CD/EIE/projects/XTCAV/MKSUII/chassis/xilinx/mksuii_x/ipcore_dir/xsysmon.vhd" sub00/vhpl58 1371757735
AR sysmon_intf behavioral "//slac/my storage/groups/CD/EIE/projects/XTCAV/MKSUII/chassis/vhdl/SysMon_Intf.vhd" sub01/vhpl107 1371757784
AR faultgen behaviour "//slac/my storage/groups/CD/EIE/projects/XTCAV/MKSUII/chassis/vhdl/FaultGen.vhd" sub01/vhpl137 1371757814
EN alu NULL "//slac/my storage/groups/CD/EIE/projects/XTCAV/MKSUII/chassis/vhdl/alu.vhd" sub00/vhpl50 1371757727
AR legacymodcmd behaviour "//slac/my storage/groups/CD/EIE/projects/XTCAV/MKSUII/chassis/vhdl/LegacyModCmd.vhd" sub01/vhpl123 1371757800
AR tx_client_fifo_8 rtl "//slac/my storage/groups/CD/EIE/projects/XTCAV/MKSUII/chassis/vhdl/Coregen/GigaBit/tx_client_fifo_8.vhd" sub00/vhpl07 1371757684
AR bcdconv rtl "//slac/my storage/groups/CD/EIE/projects/XTCAV/MKSUII/chassis/vhdl/bcdconv.vhd" sub00/vhpl19 1371757696
AR eth_fifo_8 rtl "//slac/my storage/groups/CD/EIE/projects/XTCAV/MKSUII/chassis/vhdl/Coregen/GigaBit/eth_fifo_8.vhd" sub00/vhpl37 1371757714
AR modcmd behaviour "//slac/my storage/groups/CD/EIE/projects/XTCAV/MKSUII/chassis/vhdl/ModCmd.vhd" sub01/vhpl119 1371757796
AR adds16s16 adds16s16_a "//slac/my storage/groups/CD/EIE/projects/XTCAV/MKSUII/chassis/xilinx/mksuii_x/ipcore_dir/adds16s16.vhd" sub01/vhpl147 1371757824
EN ram16x16 NULL "//slac/my storage/groups/CD/EIE/projects/XTCAV/MKSUII/chassis/xilinx/mksuii_x/ipcore_dir/ram16x16.vhd" sub00/vhpl66 1371757743
