V3 392
FL "//slac/my storage/groups/CD/EIE/projects/XTCAV/MKSUII/chassis/vhdl/ad9228Input.vhd" 2012/03/12.16:56:09 O.61xd
EN work/ad9228Input 1371757747 \
      FL "//slac/my storage/groups/CD/EIE/projects/XTCAV/MKSUII/chassis/vhdl/ad9228Input.vhd" \
      PB ieee/std_logic_1164 1308643377 PB ieee/std_logic_arith 1308643378 \
      PB ieee/STD_LOGIC_UNSIGNED 1308643379 LB UNISIM PH unisim/VCOMPONENTS 1308643377 \
      PB work/mksuii 1371757680
AR work/ad9228Input/Behavioral 1371757748 \
      FL "//slac/my storage/groups/CD/EIE/projects/XTCAV/MKSUII/chassis/vhdl/ad9228Input.vhd" \
      EN work/ad9228Input 1371757747 CP ODDR CP OBUFDS CP FADCClkDCM CP FastDiffIn
FL "//slac/my storage/groups/CD/EIE/projects/XTCAV/MKSUII/chassis/vhdl/alu.vhd" 2012/01/19.09:01:03 O.61xd
EN work/alu 1371757727 \
      FL "//slac/my storage/groups/CD/EIE/projects/XTCAV/MKSUII/chassis/vhdl/alu.vhd" \
      PB ieee/std_logic_1164 1308643377 PB ieee/std_logic_arith 1308643378 \
      PB ieee/STD_LOGIC_SIGNED 1308643379 PB work/mksuii 1371757680
AR work/alu/Behavioral 1371757728 \
      FL "//slac/my storage/groups/CD/EIE/projects/XTCAV/MKSUII/chassis/vhdl/alu.vhd" \
      EN work/alu 1371757727 CP mults16s16x54 CP div54x16x32 CP sign16plussign16 \
      CP BCDConv
FL "//slac/my storage/groups/CD/EIE/projects/XTCAV/MKSUII/chassis/vhdl/bcdconv.vhd" 2011/09/27.16:13:34 O.61xd
EN work/BCDConv 1371757695 \
      FL "//slac/my storage/groups/CD/EIE/projects/XTCAV/MKSUII/chassis/vhdl/bcdconv.vhd" \
      PB ieee/std_logic_1164 1308643377 PB ieee/std_logic_arith 1308643378 \
      PB ieee/STD_LOGIC_UNSIGNED 1308643379 PB work/mksuii 1371757680
AR work/BCDConv/RTL 1371757696 \
      FL "//slac/my storage/groups/CD/EIE/projects/XTCAV/MKSUII/chassis/vhdl/bcdconv.vhd" \
      EN work/BCDConv 1371757695 CP Digit
FL "//slac/my storage/groups/CD/EIE/projects/XTCAV/MKSUII/chassis/vhdl/ClkDet119Mhz.vhd" 2011/06/23.11:37:47 O.61xd
EN work/ClkDet119Mhz 1371757759 \
      FL "//slac/my storage/groups/CD/EIE/projects/XTCAV/MKSUII/chassis/vhdl/ClkDet119Mhz.vhd" \
      PB ieee/std_logic_1164 1308643377 PB ieee/std_logic_arith 1308643378 \
      PB ieee/STD_LOGIC_UNSIGNED 1308643379
AR work/ClkDet119Mhz/Behavioral 1371757760 \
      FL "//slac/my storage/groups/CD/EIE/projects/XTCAV/MKSUII/chassis/vhdl/ClkDet119Mhz.vhd" \
      EN work/ClkDet119Mhz 1371757759
FL "//slac/my storage/groups/CD/EIE/projects/XTCAV/MKSUII/chassis/vhdl/ClkEn_Gen.vhd" 2013/06/03.09:42:16 O.61xd
EN work/ClkEn_Gen 1371757763 \
      FL "//slac/my storage/groups/CD/EIE/projects/XTCAV/MKSUII/chassis/vhdl/ClkEn_Gen.vhd" \
      PB ieee/std_logic_1164 1308643377 PB ieee/STD_LOGIC_UNSIGNED 1308643379 \
      PB ieee/std_logic_arith 1308643378 PB ieee/NUMERIC_STD 1308643378 \
      PB work/mksuii 1371757680
AR work/ClkEn_Gen/Behavioral 1371757764 \
      FL "//slac/my storage/groups/CD/EIE/projects/XTCAV/MKSUII/chassis/vhdl/ClkEn_Gen.vhd" \
      EN work/ClkEn_Gen 1371757763
FL "//slac/my storage/groups/CD/EIE/projects/XTCAV/MKSUII/chassis/vhdl/controlIntf.vhd" 2013/06/18.07:20:32 O.61xd
EN work/control_intf 1371757807 \
      FL "//slac/my storage/groups/CD/EIE/projects/XTCAV/MKSUII/chassis/vhdl/controlIntf.vhd" \
      PB ieee/std_logic_1164 1308643377 PB ieee/std_logic_arith 1308643378 \
      PB ieee/STD_LOGIC_UNSIGNED 1308643379 PB work/mksuii 1371757680
AR work/control_intf/behaviour 1371757808 \
      FL "//slac/my storage/groups/CD/EIE/projects/XTCAV/MKSUII/chassis/vhdl/controlIntf.vhd" \
      EN work/control_intf 1371757807
FL "//slac/my storage/groups/CD/EIE/projects/XTCAV/MKSUII/chassis/vhdl/Coregen/DPRam/dpram_fo.vhd" 2008/10/02.17:20:27 O.61xd
EN work/dpram_fo 1371757719 \
      FL "//slac/my storage/groups/CD/EIE/projects/XTCAV/MKSUII/chassis/vhdl/Coregen/DPRam/dpram_fo.vhd" \
      PB ieee/std_logic_1164 1308643377
AR work/dpram_fo/dpram_fo_a 1371757720 \
      FL "//slac/my storage/groups/CD/EIE/projects/XTCAV/MKSUII/chassis/vhdl/Coregen/DPRam/dpram_fo.vhd" \
      EN work/dpram_fo 1371757719
FL "//slac/my storage/groups/CD/EIE/projects/XTCAV/MKSUII/chassis/vhdl/Coregen/GigaBit/eth_fifo_8.vhd" 2010/03/11.10:47:58 O.61xd
EN work/eth_fifo_8 1371757713 \
      FL "//slac/my storage/groups/CD/EIE/projects/XTCAV/MKSUII/chassis/vhdl/Coregen/GigaBit/eth_fifo_8.vhd" \
      LB UNISIM PH unisim/VCOMPONENTS 1308643377 PB ieee/std_logic_1164 1308643377 \
      PB ieee/STD_LOGIC_UNSIGNED 1308643379 PB ieee/NUMERIC_STD 1308643378
AR work/eth_fifo_8/RTL 1371757714 \
      FL "//slac/my storage/groups/CD/EIE/projects/XTCAV/MKSUII/chassis/vhdl/Coregen/GigaBit/eth_fifo_8.vhd" \
      EN work/eth_fifo_8 1371757713 CP tx_client_fifo_8 CP rx_client_fifo_8
FL "//slac/my storage/groups/CD/EIE/projects/XTCAV/MKSUII/chassis/vhdl/Coregen/GigaBit/GigaBit.vhd" 2010/03/11.10:47:57 O.61xd
EN work/GigaBit 1371757689 \
      FL "//slac/my storage/groups/CD/EIE/projects/XTCAV/MKSUII/chassis/vhdl/Coregen/GigaBit/GigaBit.vhd" \
      LB UNISIM PH unisim/VCOMPONENTS 1308643377 PB ieee/std_logic_1164 1308643377
AR work/GigaBit/WRAPPER 1371757690 \
      FL "//slac/my storage/groups/CD/EIE/projects/XTCAV/MKSUII/chassis/vhdl/Coregen/GigaBit/GigaBit.vhd" \
      EN work/GigaBit 1371757689 CP TEMAC
FL "//slac/my storage/groups/CD/EIE/projects/XTCAV/MKSUII/chassis/vhdl/Coregen/GigaBit/GigaBit_block.vhd" 2010/03/11.10:47:59 O.61xd
EN work/GigaBit_block 1371757711 \
      FL "//slac/my storage/groups/CD/EIE/projects/XTCAV/MKSUII/chassis/vhdl/Coregen/GigaBit/GigaBit_block.vhd" \
      LB UNISIM PH unisim/VCOMPONENTS 1308643377 PB ieee/std_logic_1164 1308643377
AR work/GigaBit_block/TOP_LEVEL 1371757712 \
      FL "//slac/my storage/groups/CD/EIE/projects/XTCAV/MKSUII/chassis/vhdl/Coregen/GigaBit/GigaBit_block.vhd" \
      EN work/GigaBit_block 1371757711 CP GTP_dual_1000X CP GigaBit
FL "//slac/my storage/groups/CD/EIE/projects/XTCAV/MKSUII/chassis/vhdl/Coregen/GigaBit/GigaBit_locallink.vhd" 2010/03/11.10:48:01 O.61xd
EN work/GigaBit_locallink 1371757755 \
      FL "//slac/my storage/groups/CD/EIE/projects/XTCAV/MKSUII/chassis/vhdl/Coregen/GigaBit/GigaBit_locallink.vhd" \
      LB UNISIM PH unisim/VCOMPONENTS 1308643377 PB ieee/std_logic_1164 1308643377
AR work/GigaBit_locallink/TOP_LEVEL 1371757756 \
      FL "//slac/my storage/groups/CD/EIE/projects/XTCAV/MKSUII/chassis/vhdl/Coregen/GigaBit/GigaBit_locallink.vhd" \
      EN work/GigaBit_locallink 1371757755 CP GigaBit_block CP eth_fifo_8
FL "//slac/my storage/groups/CD/EIE/projects/XTCAV/MKSUII/chassis/vhdl/Coregen/GigaBit/gtp_dual_1000X.vhd" 2010/03/11.10:47:56 O.61xd
EN work/GTP_dual_1000X 1371757687 \
      FL "//slac/my storage/groups/CD/EIE/projects/XTCAV/MKSUII/chassis/vhdl/Coregen/GigaBit/gtp_dual_1000X.vhd" \
      PB ieee/std_logic_1164 1308643377 PB ieee/NUMERIC_STD 1308643378 LB UNISIM \
      PH unisim/VCOMPONENTS 1308643377
AR work/GTP_dual_1000X/structural 1371757688 \
      FL "//slac/my storage/groups/CD/EIE/projects/XTCAV/MKSUII/chassis/vhdl/Coregen/GigaBit/gtp_dual_1000X.vhd" \
      EN work/GTP_dual_1000X 1371757687 CP ROCKETIO_WRAPPER_GTP_TILE
FL "//slac/my storage/groups/CD/EIE/projects/XTCAV/MKSUII/chassis/vhdl/Coregen/GigaBit/rocketio_wrapper_gtp_tile.vhd" 2010/03/11.10:47:57 O.61xd
EN work/ROCKETIO_WRAPPER_GTP_TILE 1371757677 \
      FL "//slac/my storage/groups/CD/EIE/projects/XTCAV/MKSUII/chassis/vhdl/Coregen/GigaBit/rocketio_wrapper_gtp_tile.vhd" \
      PB ieee/std_logic_1164 1308643377 PB ieee/NUMERIC_STD 1308643378 LB UNISIM \
      PH unisim/VCOMPONENTS 1308643377
AR work/ROCKETIO_WRAPPER_GTP_TILE/RTL 1371757678 \
      FL "//slac/my storage/groups/CD/EIE/projects/XTCAV/MKSUII/chassis/vhdl/Coregen/GigaBit/rocketio_wrapper_gtp_tile.vhd" \
      EN work/ROCKETIO_WRAPPER_GTP_TILE 1371757677 CP GTP_DUAL
FL "//slac/my storage/groups/CD/EIE/projects/XTCAV/MKSUII/chassis/vhdl/Coregen/GigaBit/rx_client_fifo_8.vhd" 2010/03/11.10:47:58 O.61xd
EN work/rx_client_fifo_8 1371757685 \
      FL "//slac/my storage/groups/CD/EIE/projects/XTCAV/MKSUII/chassis/vhdl/Coregen/GigaBit/rx_client_fifo_8.vhd" \
      LB UNISIM PH unisim/VCOMPONENTS 1308643377 PB ieee/std_logic_1164 1308643377 \
      PB ieee/STD_LOGIC_UNSIGNED 1308643379 PB ieee/NUMERIC_STD 1308643378
AR work/rx_client_fifo_8/RTL 1371757686 \
      FL "//slac/my storage/groups/CD/EIE/projects/XTCAV/MKSUII/chassis/vhdl/Coregen/GigaBit/rx_client_fifo_8.vhd" \
      EN work/rx_client_fifo_8 1371757685 CP RAMB16_S9_S9
FL "//slac/my storage/groups/CD/EIE/projects/XTCAV/MKSUII/chassis/vhdl/Coregen/GigaBit/tx_client_fifo_8.vhd" 2010/03/11.10:47:58 O.61xd
EN work/tx_client_fifo_8 1371757683 \
      FL "//slac/my storage/groups/CD/EIE/projects/XTCAV/MKSUII/chassis/vhdl/Coregen/GigaBit/tx_client_fifo_8.vhd" \
      LB UNISIM PH unisim/VCOMPONENTS 1308643377 PB ieee/std_logic_1164 1308643377 \
      PB ieee/STD_LOGIC_UNSIGNED 1308643379 PB ieee/NUMERIC_STD 1308643378
AR work/tx_client_fifo_8/RTL 1371757684 \
      FL "//slac/my storage/groups/CD/EIE/projects/XTCAV/MKSUII/chassis/vhdl/Coregen/GigaBit/tx_client_fifo_8.vhd" \
      EN work/tx_client_fifo_8 1371757683 CP RAMB16_S9_S9
FL "//slac/my storage/groups/CD/EIE/projects/XTCAV/MKSUII/chassis/vhdl/DeBounce.vhd" 2012/05/30.10:03:35 O.61xd
EN work/DeBounce 1371757729 \
      FL "//slac/my storage/groups/CD/EIE/projects/XTCAV/MKSUII/chassis/vhdl/DeBounce.vhd" \
      PB ieee/std_logic_1164 1308643377 PB ieee/STD_LOGIC_UNSIGNED 1308643379
AR work/DeBounce/Behavioral 1371757730 \
      FL "//slac/my storage/groups/CD/EIE/projects/XTCAV/MKSUII/chassis/vhdl/DeBounce.vhd" \
      EN work/DeBounce 1371757729
FL "//slac/my storage/groups/CD/EIE/projects/XTCAV/MKSUII/chassis/vhdl/digit.vhd" 2011/05/23.08:50:37 O.61xd
EN work/Digit 1371757681 \
      FL "//slac/my storage/groups/CD/EIE/projects/XTCAV/MKSUII/chassis/vhdl/digit.vhd" \
      PB ieee/std_logic_1164 1308643377
AR work/Digit/RTL 1371757682 \
      FL "//slac/my storage/groups/CD/EIE/projects/XTCAV/MKSUII/chassis/vhdl/digit.vhd" \
      EN work/Digit 1371757681
FL "//slac/my storage/groups/CD/EIE/projects/XTCAV/MKSUII/chassis/vhdl/displayIntf.vhd" 2012/01/18.10:31:30 O.61xd
EN work/displayIntf 1371757811 \
      FL "//slac/my storage/groups/CD/EIE/projects/XTCAV/MKSUII/chassis/vhdl/displayIntf.vhd" \
      PB ieee/std_logic_1164 1308643377 PB ieee/std_logic_arith 1308643378 \
      PB ieee/STD_LOGIC_UNSIGNED 1308643379 PB work/mksuii 1371757680
AR work/displayIntf/Behavioral 1371757812 \
      FL "//slac/my storage/groups/CD/EIE/projects/XTCAV/MKSUII/chassis/vhdl/displayIntf.vhd" \
      EN work/displayIntf 1371757811 CP eDipTFT43_intf CP alu
FL "//slac/my storage/groups/CD/EIE/projects/XTCAV/MKSUII/chassis/vhdl/DPot.vhd" 2012/02/15.15:14:05 O.61xd
EN work/DPot 1371757751 \
      FL "//slac/my storage/groups/CD/EIE/projects/XTCAV/MKSUII/chassis/vhdl/DPot.vhd" \
      PB ieee/std_logic_1164 1308643377 PB ieee/STD_LOGIC_UNSIGNED 1308643379 \
      PB work/mksuii 1371757680
AR work/DPot/Behaviour 1371757752 \
      FL "//slac/my storage/groups/CD/EIE/projects/XTCAV/MKSUII/chassis/vhdl/DPot.vhd" \
      EN work/DPot 1371757751
FL "//slac/my storage/groups/CD/EIE/projects/XTCAV/MKSUII/chassis/vhdl/eDipTFT43_Intf.vhd" 2011/08/29.14:59:32 O.61xd
EN work/eDipTFT43_intf 1371757725 \
      FL "//slac/my storage/groups/CD/EIE/projects/XTCAV/MKSUII/chassis/vhdl/eDipTFT43_Intf.vhd" \
      PB ieee/std_logic_1164 1308643377 PB ieee/STD_LOGIC_UNSIGNED 1308643379 \
      PB ieee/std_logic_arith 1308643378 PB ieee/NUMERIC_STD 1308643378 \
      PB work/mksuii 1371757680
AR work/eDipTFT43_intf/Behavioral 1371757726 \
      FL "//slac/my storage/groups/CD/EIE/projects/XTCAV/MKSUII/chassis/vhdl/eDipTFT43_Intf.vhd" \
      EN work/eDipTFT43_intf 1371757725 CP prog_strobe16 CP SPI_Fifo
FL "//slac/my storage/groups/CD/EIE/projects/XTCAV/MKSUII/chassis/vhdl/FADCSpi.vhd" 2013/04/03.16:02:51 O.61xd
EN work/FADCSpi 1371757787 \
      FL "//slac/my storage/groups/CD/EIE/projects/XTCAV/MKSUII/chassis/vhdl/FADCSpi.vhd" \
      PB ieee/std_logic_1164 1308643377 PB ieee/std_logic_arith 1308643378 \
      PB ieee/STD_LOGIC_SIGNED 1308643379 PB work/mksuii 1371757680
AR work/FADCSpi/behaviour 1371757788 \
      FL "//slac/my storage/groups/CD/EIE/projects/XTCAV/MKSUII/chassis/vhdl/FADCSpi.vhd" \
      EN work/FADCSpi 1371757787
FL "//slac/my storage/groups/CD/EIE/projects/XTCAV/MKSUII/chassis/vhdl/FastADCIntf.vhd" 2013/06/19.15:40:17 O.61xd
EN work/FastADCIntf 1371757775 \
      FL "//slac/my storage/groups/CD/EIE/projects/XTCAV/MKSUII/chassis/vhdl/FastADCIntf.vhd" \
      PB ieee/std_logic_1164 1308643377 PB ieee/std_logic_arith 1308643378 \
      PB ieee/STD_LOGIC_UNSIGNED 1308643379 PB work/mksuii 1371757680
AR work/FastADCIntf/behaviour 1371757776 \
      FL "//slac/my storage/groups/CD/EIE/projects/XTCAV/MKSUII/chassis/vhdl/FastADCIntf.vhd" \
      EN work/FastADCIntf 1371757775 CP ad9228Input CP FastChannel
FL "//slac/my storage/groups/CD/EIE/projects/XTCAV/MKSUII/chassis/vhdl/FastChannel.vhd" 2013/06/19.15:38:47 O.61xd
EN work/FastChannel 1371757749 \
      FL "//slac/my storage/groups/CD/EIE/projects/XTCAV/MKSUII/chassis/vhdl/FastChannel.vhd" \
      PB ieee/std_logic_1164 1308643377 PB ieee/STD_LOGIC_UNSIGNED 1308643379 \
      PB work/mksuii 1371757680
AR work/FastChannel/Behavioral 1371757750 \
      FL "//slac/my storage/groups/CD/EIE/projects/XTCAV/MKSUII/chassis/vhdl/FastChannel.vhd" \
      EN work/FastChannel 1371757749 CP ThresComp CP Acc12x20 CP Div20x8 \
      CP Ram512x12dp
FL "//slac/my storage/groups/CD/EIE/projects/XTCAV/MKSUII/chassis/vhdl/FastDiffIn.vhd" 2011/06/17.09:12:07 O.61xd
EN work/FastDiffIn 1371757709 \
      FL "//slac/my storage/groups/CD/EIE/projects/XTCAV/MKSUII/chassis/vhdl/FastDiffIn.vhd" \
      PB ieee/std_logic_1164 1308643377 LB UNISIM PH unisim/VCOMPONENTS 1308643377
AR work/FastDiffIn/Behavioral 1371757710 \
      FL "//slac/my storage/groups/CD/EIE/projects/XTCAV/MKSUII/chassis/vhdl/FastDiffIn.vhd" \
      EN work/FastDiffIn 1371757709 CP IBUFDS CP IODELAY CP IDDR
FL "//slac/my storage/groups/CD/EIE/projects/XTCAV/MKSUII/chassis/vhdl/FaultGen.vhd" 2013/06/18.15:08:20 O.61xd
EN work/FaultGen 1371757813 \
      FL "//slac/my storage/groups/CD/EIE/projects/XTCAV/MKSUII/chassis/vhdl/FaultGen.vhd" \
      PB work/mksuii 1371757680 PB ieee/std_logic_1164 1308643377 \
      PB ieee/std_logic_arith 1308643378 PB ieee/STD_LOGIC_UNSIGNED 1308643379
AR work/FaultGen/Behaviour 1371757814 \
      FL "//slac/my storage/groups/CD/EIE/projects/XTCAV/MKSUII/chassis/vhdl/FaultGen.vhd" \
      EN work/FaultGen 1371757813 CP oneshotCEn4Bit
FL "//slac/my storage/groups/CD/EIE/projects/XTCAV/MKSUII/chassis/vhdl/flash_intf.vhd" 2011/12/16.11:30:22 O.61xd
EN work/flash_intf 1371757819 \
      FL "//slac/my storage/groups/CD/EIE/projects/XTCAV/MKSUII/chassis/vhdl/flash_intf.vhd" \
      PB ieee/std_logic_1164 1308643377 PB ieee/std_logic_arith 1308643378 \
      PB ieee/STD_LOGIC_UNSIGNED 1308643379 PB work/mksuii 1371757680
AR work/flash_intf/Behavioral 1371757820 \
      FL "//slac/my storage/groups/CD/EIE/projects/XTCAV/MKSUII/chassis/vhdl/flash_intf.vhd" \
      EN work/flash_intf 1371757819 CP flash_fifo512x16 CP Flash_Fifo_DPRam512x15
FL "//slac/my storage/groups/CD/EIE/projects/XTCAV/MKSUII/chassis/vhdl/flow_intf.vhd" 2011/12/16.13:31:51 O.61xd
EN work/flow_intf 1371757797 \
      FL "//slac/my storage/groups/CD/EIE/projects/XTCAV/MKSUII/chassis/vhdl/flow_intf.vhd" \
      PB ieee/std_logic_1164 1308643377 PB ieee/std_logic_arith 1308643378 \
      PB ieee/STD_LOGIC_UNSIGNED 1308643379 PB work/mksuii 1371757680
AR work/flow_intf/behaviour 1371757798 \
      FL "//slac/my storage/groups/CD/EIE/projects/XTCAV/MKSUII/chassis/vhdl/flow_intf.vhd" \
      EN work/flow_intf 1371757797 CP DeBounce
FL "//slac/my storage/groups/CD/EIE/projects/XTCAV/MKSUII/chassis/vhdl/FocusCoil.vhd" 2011/08/05.13:17:27 O.61xd
EN work/FocusCoil 1371757791 \
      FL "//slac/my storage/groups/CD/EIE/projects/XTCAV/MKSUII/chassis/vhdl/FocusCoil.vhd" \
      PB ieee/std_logic_1164 1308643377 PB ieee/std_logic_arith 1308643378 \
      PB ieee/STD_LOGIC_UNSIGNED 1308643379 PB work/mksuii 1371757680
AR work/FocusCoil/behaviour 1371757792 \
      FL "//slac/my storage/groups/CD/EIE/projects/XTCAV/MKSUII/chassis/vhdl/FocusCoil.vhd" \
      EN work/FocusCoil 1371757791
FL "//slac/my storage/groups/CD/EIE/projects/XTCAV/MKSUII/chassis/vhdl/FrontPanel_Input.vhd" 2013/05/07.07:20:25 O.61xd
EN work/FrontPanel_Input 1371757765 \
      FL "//slac/my storage/groups/CD/EIE/projects/XTCAV/MKSUII/chassis/vhdl/FrontPanel_Input.vhd" \
      PB ieee/std_logic_1164 1308643377 PB ieee/std_logic_arith 1308643378 \
      PB ieee/STD_LOGIC_UNSIGNED 1308643379 PB work/mksuii 1371757680
AR work/FrontPanel_Input/Behavioral 1371757766 \
      FL "//slac/my storage/groups/CD/EIE/projects/XTCAV/MKSUII/chassis/vhdl/FrontPanel_Input.vhd" \
      EN work/FrontPanel_Input 1371757765 CP DeBounce
FL "//slac/my storage/groups/CD/EIE/projects/XTCAV/MKSUII/chassis/vhdl/FrontPanel_LED.vhd" 2013/05/29.10:58:52 O.61xd
EN work/FrontPanel_LED 1371757781 \
      FL "//slac/my storage/groups/CD/EIE/projects/XTCAV/MKSUII/chassis/vhdl/FrontPanel_LED.vhd" \
      PB ieee/std_logic_1164 1308643377 PB ieee/std_logic_arith 1308643378 \
      PB ieee/STD_LOGIC_UNSIGNED 1308643379 PB work/mksuii 1371757680
AR work/FrontPanel_LED/Behavioral 1371757782 \
      FL "//slac/my storage/groups/CD/EIE/projects/XTCAV/MKSUII/chassis/vhdl/FrontPanel_LED.vhd" \
      EN work/FrontPanel_LED 1371757781 CP oneshotCEn4Bit
FL "//slac/my storage/groups/CD/EIE/projects/XTCAV/MKSUII/chassis/vhdl/Glink_Decode.vhd" 2012/02/21.16:32:32 O.61xd
EN work/Glink_Decode 1371757769 \
      FL "//slac/my storage/groups/CD/EIE/projects/XTCAV/MKSUII/chassis/vhdl/Glink_Decode.vhd" \
      PB ieee/std_logic_1164 1308643377 PB ieee/STD_LOGIC_UNSIGNED 1308643379 \
      PB work/mksuii 1371757680
AR work/Glink_Decode/Behavioral 1371757770 \
      FL "//slac/my storage/groups/CD/EIE/projects/XTCAV/MKSUII/chassis/vhdl/Glink_Decode.vhd" \
      EN work/Glink_Decode 1371757769
FL "//slac/my storage/groups/CD/EIE/projects/XTCAV/MKSUII/chassis/vhdl/glink_intfFixIP.vhd" 2013/05/10.10:06:37 O.61xd
EN work/glink_intf 1371757753 \
      FL "//slac/my storage/groups/CD/EIE/projects/XTCAV/MKSUII/chassis/vhdl/glink_intfFixIP.vhd" \
      PB ieee/std_logic_1164 1308643377 PB ieee/STD_LOGIC_UNSIGNED 1308643379 \
      PB work/mksuii 1371757680
AR work/glink_intf/Behavioral 1371757754 \
      FL "//slac/my storage/groups/CD/EIE/projects/XTCAV/MKSUII/chassis/vhdl/glink_intfFixIP.vhd" \
      EN work/glink_intf 1371757753
FL "//slac/my storage/groups/CD/EIE/projects/XTCAV/MKSUII/chassis/vhdl/IonPump.vhd" 2012/01/23.13:38:23 O.61xd
EN work/IonPump 1371757805 \
      FL "//slac/my storage/groups/CD/EIE/projects/XTCAV/MKSUII/chassis/vhdl/IonPump.vhd" \
      PB ieee/std_logic_1164 1308643377 PB ieee/std_logic_arith 1308643378 \
      PB ieee/STD_LOGIC_UNSIGNED 1308643379 PB work/mksuii 1371757680
AR work/IonPump/behaviour 1371757806 \
      FL "//slac/my storage/groups/CD/EIE/projects/XTCAV/MKSUII/chassis/vhdl/IonPump.vhd" \
      EN work/IonPump 1371757805
FL "//slac/my storage/groups/CD/EIE/projects/XTCAV/MKSUII/chassis/vhdl/LegacyModCmd.vhd" 2012/01/23.09:37:27 O.61xd
EN work/LegacyModCmd 1371757799 \
      FL "//slac/my storage/groups/CD/EIE/projects/XTCAV/MKSUII/chassis/vhdl/LegacyModCmd.vhd" \
      PB ieee/std_logic_1164 1308643377 PB ieee/std_logic_arith 1308643378 \
      PB ieee/STD_LOGIC_UNSIGNED 1308643379 PB work/mksuii 1371757680
AR work/LegacyModCmd/behaviour 1371757800 \
      FL "//slac/my storage/groups/CD/EIE/projects/XTCAV/MKSUII/chassis/vhdl/LegacyModCmd.vhd" \
      EN work/LegacyModCmd 1371757799
FL "//slac/my storage/groups/CD/EIE/projects/XTCAV/MKSUII/chassis/vhdl/LocalTrigger.vhd" 2011/10/05.15:10:42 O.61xd
EN work/LocalTrigger 1371757771 \
      FL "//slac/my storage/groups/CD/EIE/projects/XTCAV/MKSUII/chassis/vhdl/LocalTrigger.vhd" \
      PB ieee/std_logic_1164 1308643377 PB ieee/std_logic_arith 1308643378 \
      PB ieee/STD_LOGIC_SIGNED 1308643379 PB work/mksuii 1371757680
AR work/LocalTrigger/Behavioral 1371757772 \
      FL "//slac/my storage/groups/CD/EIE/projects/XTCAV/MKSUII/chassis/vhdl/LocalTrigger.vhd" \
      EN work/LocalTrigger 1371757771 CP DPot
FL "//slac/my storage/groups/CD/EIE/projects/XTCAV/MKSUII/chassis/vhdl/MagIntf.vhd" 2012/01/24.10:58:27 O.61xd
EN work/MagIntf 1371757803 \
      FL "//slac/my storage/groups/CD/EIE/projects/XTCAV/MKSUII/chassis/vhdl/MagIntf.vhd" \
      PB ieee/std_logic_1164 1308643377 PB ieee/std_logic_arith 1308643378 \
      PB ieee/STD_LOGIC_UNSIGNED 1308643379 PB work/mksuii 1371757680
AR work/MagIntf/behaviour 1371757804 \
      FL "//slac/my storage/groups/CD/EIE/projects/XTCAV/MKSUII/chassis/vhdl/MagIntf.vhd" \
      EN work/MagIntf 1371757803
FL "//slac/my storage/groups/CD/EIE/projects/XTCAV/MKSUII/chassis/vhdl/max1308Intf.vhd" 2012/01/23.14:34:33 O.61xd
EN work/Max1308Intf 1371757739 \
      FL "//slac/my storage/groups/CD/EIE/projects/XTCAV/MKSUII/chassis/vhdl/max1308Intf.vhd" \
      PB ieee/std_logic_1164 1308643377 PB ieee/std_logic_arith 1308643378 \
      PB ieee/STD_LOGIC_UNSIGNED 1308643379 LB UNISIM PH unisim/VCOMPONENTS 1308643377
AR work/Max1308Intf/Behavioral 1371757740 \
      FL "//slac/my storage/groups/CD/EIE/projects/XTCAV/MKSUII/chassis/vhdl/max1308Intf.vhd" \
      EN work/Max1308Intf 1371757739
FL "//slac/my storage/groups/CD/EIE/projects/XTCAV/MKSUII/chassis/vhdl/mksuiiFixedIP_x_pkg.vhd" 2013/06/19.14:59:27 O.61xd
PH work/mksuii 1371757679 \
      FL "//slac/my storage/groups/CD/EIE/projects/XTCAV/MKSUII/chassis/vhdl/mksuiiFixedIP_x_pkg.vhd" \
      PB ieee/std_logic_1164 1308643377 PB ieee/STD_LOGIC_UNSIGNED 1308643379 \
      PB ieee/STD_LOGIC_TEXTIO 1308643378 CD DPot CD bcd CD clk12clk2 CD mksuii_x \
      CD gigabit_locallink CD glink_intf CD mksuii_Glink CD SPI_Fifo CD DeBounce \
      CD oneshot CD oneshotCen CD oneshotCen4Bit CD ISERDES_NODELAY CD ThresComp \
      CD Acc12x16 CD ram16x16 CD Ram16x16dp CD Max1308intf CD Ram512x12dp CD Div20x8 \
      CD Acc12x20 CD prog_strobe16 CD pulse_delay16 CD Trigger CD Drive_LKUP \
      CD ad9228_tstr CD ad9228input CD FastChannel CD sign32div16 CD sign16xsign16 \
      CD sign16plussign16 CD Ram32X32 CD Digit CD BCDConv CD alu CD Mon_ADC_Cntl \
      CD Slow_ADC_Cntl CD ClkEn_Gen CD FastADCintf CD FrontPanel_LED CD SysMon_intf \
      CD sysmon_dpram CD xsysmon CD TempADC CD Glink_Decode CD FaultHistory \
      CD adds16s16 CD subs16s16 CD subu16u16 CD lkup44004 CD pon_rst CD FastDiffin \
      CD FADCClkDCM CD FADCSpi CD ClkMux CD ClkDet119Mhz CD RFDrive CD FocusCoil \
      CD eDipTFT43_intf CD TankPump CD Sled_intf CD ModCmd CD flow_intf \
      CD LegacyModCmd CD Magintf CD IonPump CD WG_VAC CD Sysinfo CD control_intf \
      CD displayintf CD div54x16x32 CD mults16s16x54 CD FaultGen CD RFDriveDPMem \
      CD sfp_intf CD dpram_fo CD FrontPanel_input CD LocalTrigger CD flash_intf \
      CD flash_fifo CD Flash_Fifo512x16 CD Flash_Fifo_DPRam512x15 \
      CD FaultHistoryRam
PB work/mksuii 1371757680 \
      FL "//slac/my storage/groups/CD/EIE/projects/XTCAV/MKSUII/chassis/vhdl/mksuiiFixedIP_x_pkg.vhd" \
      PH work/mksuii 1371757679
FL "//slac/my storage/groups/CD/EIE/projects/XTCAV/MKSUII/chassis/vhdl/mksuii_Glink.vhd" 2011/05/31.13:10:55 O.61xd
EN work/MKSUII_GLink 1371757767 \
      FL "//slac/my storage/groups/CD/EIE/projects/XTCAV/MKSUII/chassis/vhdl/mksuii_Glink.vhd" \
      LB UNISIM PH unisim/VCOMPONENTS 1308643377 PB ieee/std_logic_1164 1308643377 \
      PB work/mksuii 1371757680
AR work/MKSUII_GLink/Behavioral 1371757768 \
      FL "//slac/my storage/groups/CD/EIE/projects/XTCAV/MKSUII/chassis/vhdl/mksuii_Glink.vhd" \
      EN work/MKSUII_GLink 1371757767 CP glink_intf CP IBUFDS CP bufg \
      CP gigabit_locallink
FL "//slac/my storage/groups/CD/EIE/projects/XTCAV/MKSUII/chassis/vhdl/mksuii_x.vhd" 2013/06/18.13:15:35 O.61xd
EN work/mksuii_x 1371757821 \
      FL "//slac/my storage/groups/CD/EIE/projects/XTCAV/MKSUII/chassis/vhdl/mksuii_x.vhd" \
      PB ieee/std_logic_1164 1308643377 PB ieee/std_logic_arith 1308643378 \
      PB ieee/STD_LOGIC_UNSIGNED 1308643379 PB work/mksuii 1371757680 LB UNISIM \
      PH unisim/VCOMPONENTS 1308643377
AR work/mksuii_x/Behavioral 1371757822 \
      FL "//slac/my storage/groups/CD/EIE/projects/XTCAV/MKSUII/chassis/vhdl/mksuii_x.vhd" \
      EN work/mksuii_x 1371757821 CP pon_rst CP IBUFDS CP bufg CP ClkDet119Mhz \
      CP ClkMux CP ClkEn_Gen CP FrontPanel_Input CP mksuii_GLink CP Glink_Decode \
      CP LocalTrigger CP Trigger CP FastADCIntf CP Slow_ADC_Cntl CP Mon_ADC_Cntl \
      CP FrontPanel_LED CP SysMon_Intf CP TempADC CP FADCSpi CP RFDrive CP FocusCoil \
      CP TankPump CP ModCmd CP flow_intf CP LegacyModCmd CP WG_VAC CP MagIntf \
      CP IonPump CP control_intf CP SysInfo CP displayIntf CP FaultGen \
      CP FaultHistory CP sfp_intf CP flash_intf
FL "//slac/my storage/groups/CD/EIE/projects/XTCAV/MKSUII/chassis/vhdl/ModCmd.vhd" 2011/08/19.14:37:59 O.61xd
EN work/ModCmd 1371757795 \
      FL "//slac/my storage/groups/CD/EIE/projects/XTCAV/MKSUII/chassis/vhdl/ModCmd.vhd" \
      PB ieee/std_logic_1164 1308643377 PB ieee/std_logic_arith 1308643378 \
      PB ieee/STD_LOGIC_UNSIGNED 1308643379 PB work/mksuii 1371757680
AR work/ModCmd/behaviour 1371757796 \
      FL "//slac/my storage/groups/CD/EIE/projects/XTCAV/MKSUII/chassis/vhdl/ModCmd.vhd" \
      EN work/ModCmd 1371757795 CP oneshotCen
FL "//slac/my storage/groups/CD/EIE/projects/XTCAV/MKSUII/chassis/vhdl/Mon_ADC_Cntl.vhd" 2013/04/04.07:45:50 O.61xd
EN work/Mon_ADC_Cntl 1371757779 \
      FL "//slac/my storage/groups/CD/EIE/projects/XTCAV/MKSUII/chassis/vhdl/Mon_ADC_Cntl.vhd" \
      PB ieee/std_logic_1164 1308643377 PB ieee/STD_LOGIC_SIGNED 1308643379 \
      PB work/mksuii 1371757680
AR work/Mon_ADC_Cntl/Behavioral 1371757780 \
      FL "//slac/my storage/groups/CD/EIE/projects/XTCAV/MKSUII/chassis/vhdl/Mon_ADC_Cntl.vhd" \
      EN work/Mon_ADC_Cntl 1371757779 CP Max1308Intf CP Acc12x16 CP ram16x16 \
      CP Ram16x16dp
FL "//slac/my storage/groups/CD/EIE/projects/XTCAV/MKSUII/chassis/vhdl/oneshotCEn.vhd" 2013/06/18.15:19:32 O.61xd
EN work/oneshotCEn 1371757731 \
      FL "//slac/my storage/groups/CD/EIE/projects/XTCAV/MKSUII/chassis/vhdl/oneshotCEn.vhd" \
      PB work/mksuii 1371757680 PB ieee/std_logic_1164 1308643377 \
      PB ieee/STD_LOGIC_UNSIGNED 1308643379
AR work/oneshotCEn/Behaviour 1371757732 \
      FL "//slac/my storage/groups/CD/EIE/projects/XTCAV/MKSUII/chassis/vhdl/oneshotCEn.vhd" \
      EN work/oneshotCEn 1371757731
FL "//slac/my storage/groups/CD/EIE/projects/XTCAV/MKSUII/chassis/vhdl/oneshotCEn4Bit.vhd" 2013/05/30.10:20:25 O.61xd
EN work/oneshotCEn4Bit 1371757723 \
      FL "//slac/my storage/groups/CD/EIE/projects/XTCAV/MKSUII/chassis/vhdl/oneshotCEn4Bit.vhd" \
      PB work/mksuii 1371757680 PB ieee/std_logic_1164 1308643377 \
      PB ieee/STD_LOGIC_UNSIGNED 1308643379
AR work/oneshotCEn4Bit/Behaviour 1371757724 \
      FL "//slac/my storage/groups/CD/EIE/projects/XTCAV/MKSUII/chassis/vhdl/oneshotCEn4Bit.vhd" \
      EN work/oneshotCEn4Bit 1371757723
FL "//slac/my storage/groups/CD/EIE/projects/XTCAV/MKSUII/chassis/vhdl/pon_rst.vhd" 2011/06/16.16:46:09 O.61xd
EN work/pon_rst 1371757757 \
      FL "//slac/my storage/groups/CD/EIE/projects/XTCAV/MKSUII/chassis/vhdl/pon_rst.vhd" \
      PB ieee/std_logic_1164 1308643377 PB ieee/std_logic_arith 1308643378 \
      PB ieee/STD_LOGIC_UNSIGNED 1308643379
AR work/pon_rst/Behavioral 1371757758 \
      FL "//slac/my storage/groups/CD/EIE/projects/XTCAV/MKSUII/chassis/vhdl/pon_rst.vhd" \
      EN work/pon_rst 1371757757
FL "//slac/my storage/groups/CD/EIE/projects/XTCAV/MKSUII/chassis/vhdl/prog_strobe16.vhd" 2011/05/23.08:50:59 O.61xd
EN work/prog_strobe16 1371757697 \
      FL "//slac/my storage/groups/CD/EIE/projects/XTCAV/MKSUII/chassis/vhdl/prog_strobe16.vhd" \
      PB ieee/std_logic_1164 1308643377 PB ieee/STD_LOGIC_UNSIGNED 1308643379
AR work/prog_strobe16/Behaviour 1371757698 \
      FL "//slac/my storage/groups/CD/EIE/projects/XTCAV/MKSUII/chassis/vhdl/prog_strobe16.vhd" \
      EN work/prog_strobe16 1371757697
FL "//slac/my storage/groups/CD/EIE/projects/XTCAV/MKSUII/chassis/vhdl/RFDrive.vhd" 2013/06/03.14:42:30 O.61xd
EN work/RFDrive 1371757789 \
      FL "//slac/my storage/groups/CD/EIE/projects/XTCAV/MKSUII/chassis/vhdl/RFDrive.vhd" \
      PB ieee/std_logic_1164 1308643377 PB ieee/std_logic_arith 1308643378 \
      PB ieee/STD_LOGIC_UNSIGNED 1308643379 PB work/mksuii 1371757680
AR work/RFDrive/behaviour 1371757790 \
      FL "//slac/my storage/groups/CD/EIE/projects/XTCAV/MKSUII/chassis/vhdl/RFDrive.vhd" \
      EN work/RFDrive 1371757789 CP RFDriveDPMem
FL "//slac/my storage/groups/CD/EIE/projects/XTCAV/MKSUII/chassis/vhdl/sfp_intf.vhd" 2011/09/26.10:31:46 O.61xd
EN work/sfp_intf 1371757817 \
      FL "//slac/my storage/groups/CD/EIE/projects/XTCAV/MKSUII/chassis/vhdl/sfp_intf.vhd" \
      PB ieee/std_logic_1164 1308643377 PB ieee/std_logic_arith 1308643378 \
      PB ieee/STD_LOGIC_UNSIGNED 1308643379 PB work/mksuii 1371757680
AR work/sfp_intf/Behavioral 1371757818 \
      FL "//slac/my storage/groups/CD/EIE/projects/XTCAV/MKSUII/chassis/vhdl/sfp_intf.vhd" \
      EN work/sfp_intf 1371757817 CP dpram_fo
FL "//slac/my storage/groups/CD/EIE/projects/XTCAV/MKSUII/chassis/vhdl/Slow_ADC_Cntl.vhd" 2012/02/15.15:44:25 O.61xd
EN work/Slow_ADC_Cntl 1371757777 \
      FL "//slac/my storage/groups/CD/EIE/projects/XTCAV/MKSUII/chassis/vhdl/Slow_ADC_Cntl.vhd" \
      PB ieee/std_logic_1164 1308643377 PB ieee/STD_LOGIC_UNSIGNED 1308643379 \
      PB work/mksuii 1371757680
AR work/Slow_ADC_Cntl/Behavioral 1371757778 \
      FL "//slac/my storage/groups/CD/EIE/projects/XTCAV/MKSUII/chassis/vhdl/Slow_ADC_Cntl.vhd" \
      EN work/Slow_ADC_Cntl 1371757777 CP Max1308Intf CP Acc12x16 CP ram16x16 \
      CP Ram16x16dp CP ThresComp
FL "//slac/my storage/groups/CD/EIE/projects/XTCAV/MKSUII/chassis/vhdl/SysInfo.vhd" 2011/08/18.15:17:47 O.61xd
EN work/SysInfo 1371757809 \
      FL "//slac/my storage/groups/CD/EIE/projects/XTCAV/MKSUII/chassis/vhdl/SysInfo.vhd" \
      PB ieee/std_logic_1164 1308643377 PB ieee/std_logic_arith 1308643378 \
      PB ieee/STD_LOGIC_UNSIGNED 1308643379 PB work/mksuii 1371757680
AR work/SysInfo/behaviour 1371757810 \
      FL "//slac/my storage/groups/CD/EIE/projects/XTCAV/MKSUII/chassis/vhdl/SysInfo.vhd" \
      EN work/SysInfo 1371757809
FL "//slac/my storage/groups/CD/EIE/projects/XTCAV/MKSUII/chassis/vhdl/SysMon_Intf.vhd" 2011/06/02.14:15:00 O.61xd
EN work/SysMon_Intf 1371757783 \
      FL "//slac/my storage/groups/CD/EIE/projects/XTCAV/MKSUII/chassis/vhdl/SysMon_Intf.vhd" \
      PB ieee/std_logic_1164 1308643377 PB ieee/std_logic_arith 1308643378 \
      PB ieee/STD_LOGIC_UNSIGNED 1308643379 PB work/mksuii 1371757680
AR work/SysMon_Intf/Behavioral 1371757784 \
      FL "//slac/my storage/groups/CD/EIE/projects/XTCAV/MKSUII/chassis/vhdl/SysMon_Intf.vhd" \
      EN work/SysMon_Intf 1371757783 CP xsysmon CP sysmon_dpram
FL "//slac/my storage/groups/CD/EIE/projects/XTCAV/MKSUII/chassis/vhdl/TankPump.vhd" 2013/03/22.12:28:52 O.61xd
EN work/TankPump 1371757793 \
      FL "//slac/my storage/groups/CD/EIE/projects/XTCAV/MKSUII/chassis/vhdl/TankPump.vhd" \
      PB ieee/std_logic_1164 1308643377 PB ieee/std_logic_arith 1308643378 \
      PB ieee/STD_LOGIC_UNSIGNED 1308643379 PB work/mksuii 1371757680
AR work/TankPump/behaviour 1371757794 \
      FL "//slac/my storage/groups/CD/EIE/projects/XTCAV/MKSUII/chassis/vhdl/TankPump.vhd" \
      EN work/TankPump 1371757793
FL "//slac/my storage/groups/CD/EIE/projects/XTCAV/MKSUII/chassis/vhdl/TempADC.vhd" 2013/06/20.12:47:00 O.61xd
EN work/TempADC 1371757785 \
      FL "//slac/my storage/groups/CD/EIE/projects/XTCAV/MKSUII/chassis/vhdl/TempADC.vhd" \
      PB ieee/std_logic_1164 1308643377 PB ieee/std_logic_arith 1308643378 \
      PB ieee/STD_LOGIC_SIGNED 1308643379 PB work/mksuii 1371757680
AR work/TempADC/behaviour 1371757786 \
      FL "//slac/my storage/groups/CD/EIE/projects/XTCAV/MKSUII/chassis/vhdl/TempADC.vhd" \
      EN work/TempADC 1371757785
FL "//slac/my storage/groups/CD/EIE/projects/XTCAV/MKSUII/chassis/vhdl/ThresComp.vhd" 2011/05/23.08:51:01 O.61xd
EN work/ThresComp 1371757701 \
      FL "//slac/my storage/groups/CD/EIE/projects/XTCAV/MKSUII/chassis/vhdl/ThresComp.vhd" \
      PB ieee/std_logic_1164 1308643377 PB ieee/STD_LOGIC_SIGNED 1308643379
AR work/ThresComp/Behavioral 1371757702 \
      FL "//slac/my storage/groups/CD/EIE/projects/XTCAV/MKSUII/chassis/vhdl/ThresComp.vhd" \
      EN work/ThresComp 1371757701
FL "//slac/my storage/groups/CD/EIE/projects/XTCAV/MKSUII/chassis/vhdl/Trigger.vhd" 2013/06/18.11:34:32 O.61xd
EN work/Trigger 1371757773 \
      FL "//slac/my storage/groups/CD/EIE/projects/XTCAV/MKSUII/chassis/vhdl/Trigger.vhd" \
      PB ieee/std_logic_1164 1308643377 PB ieee/std_logic_arith 1308643378 \
      PB ieee/STD_LOGIC_UNSIGNED 1308643379 PB work/mksuii 1371757680 LB UNISIM \
      PH unisim/VCOMPONENTS 1308643377
AR work/Trigger/behaviour 1371757774 \
      FL "//slac/my storage/groups/CD/EIE/projects/XTCAV/MKSUII/chassis/vhdl/Trigger.vhd" \
      EN work/Trigger 1371757773 CP IBUFDS CP prog_strobe16
FL "//slac/my storage/groups/CD/EIE/projects/XTCAV/MKSUII/chassis/vhdl/WGVac.vhd" 2012/01/24.09:30:38 O.61xd
EN work/WG_VAC 1371757801 \
      FL "//slac/my storage/groups/CD/EIE/projects/XTCAV/MKSUII/chassis/vhdl/WGVac.vhd" \
      PB ieee/std_logic_1164 1308643377 PB ieee/std_logic_arith 1308643378 \
      PB ieee/STD_LOGIC_UNSIGNED 1308643379 PB work/mksuii 1371757680
AR work/WG_VAC/behaviour 1371757802 \
      FL "//slac/my storage/groups/CD/EIE/projects/XTCAV/MKSUII/chassis/vhdl/WGVac.vhd" \
      EN work/WG_VAC 1371757801
FL "//slac/my storage/groups/CD/EIE/projects/XTCAV/MKSUII/chassis/xilinx/mksuii_x/clkmux.vhd" 2013/06/20.09:22:54 O.61xd
EN work/clkmux 1371757761 \
      FL "//slac/my storage/groups/CD/EIE/projects/XTCAV/MKSUII/chassis/xilinx/mksuii_x/clkmux.vhd" \
      PB ieee/std_logic_1164 1308643377 PB ieee/NUMERIC_STD 1308643378 LB UNISIM \
      PH unisim/VCOMPONENTS 1308643377
AR work/clkmux/BEHAVIORAL 1371757762 \
      FL "//slac/my storage/groups/CD/EIE/projects/XTCAV/MKSUII/chassis/xilinx/mksuii_x/clkmux.vhd" \
      EN work/clkmux 1371757761 CP bufg CP PLL_ADV
FL "//slac/my storage/groups/CD/EIE/projects/XTCAV/MKSUII/chassis/xilinx/mksuii_x/FADCClkDCM.vhd" 2013/06/20.09:22:55 O.61xd
EN work/FADCClkDCM 1371757707 \
      FL "//slac/my storage/groups/CD/EIE/projects/XTCAV/MKSUII/chassis/xilinx/mksuii_x/FADCClkDCM.vhd" \
      PB ieee/std_logic_1164 1308643377 PB ieee/NUMERIC_STD 1308643378 LB UNISIM \
      PH unisim/VCOMPONENTS 1308643377
AR work/FADCClkDCM/BEHAVIORAL 1371757708 \
      FL "//slac/my storage/groups/CD/EIE/projects/XTCAV/MKSUII/chassis/xilinx/mksuii_x/FADCClkDCM.vhd" \
      EN work/FADCClkDCM 1371757707 CP IBUFGDS CP bufg CP DCM_ADV
FL "//slac/my storage/groups/CD/EIE/projects/XTCAV/MKSUII/chassis/xilinx/mksuii_x/FaultHistory.vhd" 2012/02/21.17:06:25 O.61xd
EN work/FaultHistory 1371757815 \
      FL "//slac/my storage/groups/CD/EIE/projects/XTCAV/MKSUII/chassis/xilinx/mksuii_x/FaultHistory.vhd" \
      PB ieee/std_logic_1164 1308643377 PB ieee/std_logic_arith 1308643378 \
      PB ieee/STD_LOGIC_SIGNED 1308643379 PB work/mksuii 1371757680
AR work/FaultHistory/Behavioral 1371757816 \
      FL "//slac/my storage/groups/CD/EIE/projects/XTCAV/MKSUII/chassis/xilinx/mksuii_x/FaultHistory.vhd" \
      EN work/FaultHistory 1371757815 CP FaultHistoryRam
FL "//slac/my storage/groups/CD/EIE/projects/XTCAV/MKSUII/chassis/xilinx/mksuii_x/ipcore_dir/Acc12x16.vhd" 2011/02/10.10:49:11 O.61xd
EN work/Acc12x16 1371757741 \
      FL "//slac/my storage/groups/CD/EIE/projects/XTCAV/MKSUII/chassis/xilinx/mksuii_x/ipcore_dir/Acc12x16.vhd" \
      PB ieee/std_logic_1164 1308643377
AR work/Acc12x16/Acc12x16_a 1371757742 \
      FL "//slac/my storage/groups/CD/EIE/projects/XTCAV/MKSUII/chassis/xilinx/mksuii_x/ipcore_dir/Acc12x16.vhd" \
      EN work/Acc12x16 1371757741
FL "//slac/my storage/groups/CD/EIE/projects/XTCAV/MKSUII/chassis/xilinx/mksuii_x/ipcore_dir/Acc12x20.vhd" 2013/06/06.12:39:43 O.61xd
EN work/Acc12x20 1371757703 \
      FL "//slac/my storage/groups/CD/EIE/projects/XTCAV/MKSUII/chassis/xilinx/mksuii_x/ipcore_dir/Acc12x20.vhd" \
      PB ieee/std_logic_1164 1308643377
AR work/Acc12x20/Acc12x20_a 1371757704 \
      FL "//slac/my storage/groups/CD/EIE/projects/XTCAV/MKSUII/chassis/xilinx/mksuii_x/ipcore_dir/Acc12x20.vhd" \
      EN work/Acc12x20 1371757703
FL "//slac/my storage/groups/CD/EIE/projects/XTCAV/MKSUII/chassis/xilinx/mksuii_x/ipcore_dir/adds16s16.vhd" 2011/06/13.15:35:41 O.61xd
EN work/adds16s16 1371757823 \
      FL "//slac/my storage/groups/CD/EIE/projects/XTCAV/MKSUII/chassis/xilinx/mksuii_x/ipcore_dir/adds16s16.vhd" \
      PB ieee/std_logic_1164 1308643377
AR work/adds16s16/adds16s16_a 1371757824 \
      FL "//slac/my storage/groups/CD/EIE/projects/XTCAV/MKSUII/chassis/xilinx/mksuii_x/ipcore_dir/adds16s16.vhd" \
      EN work/adds16s16 1371757823
FL "//slac/my storage/groups/CD/EIE/projects/XTCAV/MKSUII/chassis/xilinx/mksuii_x/ipcore_dir/FaultHistoryRam.vhd" 2012/02/14.10:44:57 O.61xd
EN work/FaultHistoryRam 1371757721 \
      FL "//slac/my storage/groups/CD/EIE/projects/XTCAV/MKSUII/chassis/xilinx/mksuii_x/ipcore_dir/FaultHistoryRam.vhd" \
      PB ieee/std_logic_1164 1308643377
AR work/FaultHistoryRam/FaultHistoryRam_a 1371757722 \
      FL "//slac/my storage/groups/CD/EIE/projects/XTCAV/MKSUII/chassis/xilinx/mksuii_x/ipcore_dir/FaultHistoryRam.vhd" \
      EN work/FaultHistoryRam 1371757721
FL "//slac/my storage/groups/CD/EIE/projects/XTCAV/MKSUII/chassis/xilinx/mksuii_x/ipcore_dir/Flash_Fifo512x16.vhd" 2011/10/07.09:13:45 O.61xd
EN work/Flash_Fifo512x16 1371757715 \
      FL "//slac/my storage/groups/CD/EIE/projects/XTCAV/MKSUII/chassis/xilinx/mksuii_x/ipcore_dir/Flash_Fifo512x16.vhd" \
      PB ieee/std_logic_1164 1308643377
AR work/Flash_Fifo512x16/Flash_Fifo512x16_a 1371757716 \
      FL "//slac/my storage/groups/CD/EIE/projects/XTCAV/MKSUII/chassis/xilinx/mksuii_x/ipcore_dir/Flash_Fifo512x16.vhd" \
      EN work/Flash_Fifo512x16 1371757715
FL "//slac/my storage/groups/CD/EIE/projects/XTCAV/MKSUII/chassis/xilinx/mksuii_x/ipcore_dir/Flash_Fifo_DPRam512x15.vhd" 2011/10/07.13:49:14 O.61xd
EN work/Flash_Fifo_DPRam512x15 1371757717 \
      FL "//slac/my storage/groups/CD/EIE/projects/XTCAV/MKSUII/chassis/xilinx/mksuii_x/ipcore_dir/Flash_Fifo_DPRam512x15.vhd" \
      PB ieee/std_logic_1164 1308643377
AR work/Flash_Fifo_DPRam512x15/Flash_Fifo_DPRam512x15_a 1371757718 \
      FL "//slac/my storage/groups/CD/EIE/projects/XTCAV/MKSUII/chassis/xilinx/mksuii_x/ipcore_dir/Flash_Fifo_DPRam512x15.vhd" \
      EN work/Flash_Fifo_DPRam512x15 1371757717
FL "//slac/my storage/groups/CD/EIE/projects/XTCAV/MKSUII/chassis/xilinx/mksuii_x/ipcore_dir/mults16s16x54.vhd" 2011/09/28.11:24:18 O.61xd
EN work/mults16s16x54 1371757691 \
      FL "//slac/my storage/groups/CD/EIE/projects/XTCAV/MKSUII/chassis/xilinx/mksuii_x/ipcore_dir/mults16s16x54.vhd" \
      PB ieee/std_logic_1164 1308643377
AR work/mults16s16x54/mults16s16x54_a 1371757692 \
      FL "//slac/my storage/groups/CD/EIE/projects/XTCAV/MKSUII/chassis/xilinx/mksuii_x/ipcore_dir/mults16s16x54.vhd" \
      EN work/mults16s16x54 1371757691
FL "//slac/my storage/groups/CD/EIE/projects/XTCAV/MKSUII/chassis/xilinx/mksuii_x/ipcore_dir/ram16x16.vhd" 2011/02/11.11:20:43 O.61xd
EN work/ram16x16 1371757743 \
      FL "//slac/my storage/groups/CD/EIE/projects/XTCAV/MKSUII/chassis/xilinx/mksuii_x/ipcore_dir/ram16x16.vhd" \
      PB ieee/std_logic_1164 1308643377
AR work/ram16x16/ram16x16_a 1371757744 \
      FL "//slac/my storage/groups/CD/EIE/projects/XTCAV/MKSUII/chassis/xilinx/mksuii_x/ipcore_dir/ram16x16.vhd" \
      EN work/ram16x16 1371757743
FL "//slac/my storage/groups/CD/EIE/projects/XTCAV/MKSUII/chassis/xilinx/mksuii_x/ipcore_dir/Ram16x16dp.vhd" 2011/04/19.15:51:23 O.61xd
EN work/ram16x16dp 1371757745 \
      FL "//slac/my storage/groups/CD/EIE/projects/XTCAV/MKSUII/chassis/xilinx/mksuii_x/ipcore_dir/Ram16x16dp.vhd" \
      PB ieee/std_logic_1164 1308643377
AR work/ram16x16dp/ram16x16dp_a 1371757746 \
      FL "//slac/my storage/groups/CD/EIE/projects/XTCAV/MKSUII/chassis/xilinx/mksuii_x/ipcore_dir/Ram16x16dp.vhd" \
      EN work/ram16x16dp 1371757745
FL "//slac/my storage/groups/CD/EIE/projects/XTCAV/MKSUII/chassis/xilinx/mksuii_x/ipcore_dir/Ram512x12dp.vhd" 2011/02/14.14:01:48 O.61xd
EN work/Ram512x12dp 1371757705 \
      FL "//slac/my storage/groups/CD/EIE/projects/XTCAV/MKSUII/chassis/xilinx/mksuii_x/ipcore_dir/Ram512x12dp.vhd" \
      PB ieee/std_logic_1164 1308643377
AR work/Ram512x12dp/Ram512x12dp_a 1371757706 \
      FL "//slac/my storage/groups/CD/EIE/projects/XTCAV/MKSUII/chassis/xilinx/mksuii_x/ipcore_dir/Ram512x12dp.vhd" \
      EN work/Ram512x12dp 1371757705
FL "//slac/my storage/groups/CD/EIE/projects/XTCAV/MKSUII/chassis/xilinx/mksuii_x/ipcore_dir/RFDriveDPMem.vhd" 2011/09/09.11:31:06 O.61xd
EN work/RFDriveDPMem 1371757733 \
      FL "//slac/my storage/groups/CD/EIE/projects/XTCAV/MKSUII/chassis/xilinx/mksuii_x/ipcore_dir/RFDriveDPMem.vhd" \
      PB ieee/std_logic_1164 1308643377
AR work/RFDriveDPMem/RFDriveDPMem_a 1371757734 \
      FL "//slac/my storage/groups/CD/EIE/projects/XTCAV/MKSUII/chassis/xilinx/mksuii_x/ipcore_dir/RFDriveDPMem.vhd" \
      EN work/RFDriveDPMem 1371757733
FL "//slac/my storage/groups/CD/EIE/projects/XTCAV/MKSUII/chassis/xilinx/mksuii_x/ipcore_dir/sign16plussign16.vhd" 2011/04/18.14:36:48 O.61xd
EN work/sign16plussign16 1371757693 \
      FL "//slac/my storage/groups/CD/EIE/projects/XTCAV/MKSUII/chassis/xilinx/mksuii_x/ipcore_dir/sign16plussign16.vhd" \
      PB ieee/std_logic_1164 1308643377
AR work/sign16plussign16/sign16plussign16_a 1371757694 \
      FL "//slac/my storage/groups/CD/EIE/projects/XTCAV/MKSUII/chassis/xilinx/mksuii_x/ipcore_dir/sign16plussign16.vhd" \
      EN work/sign16plussign16 1371757693
FL "//slac/my storage/groups/CD/EIE/projects/XTCAV/MKSUII/chassis/xilinx/mksuii_x/ipcore_dir/SPI_Fifo.vhd" 2011/08/26.15:07:23 O.61xd
EN work/SPI_Fifo 1371757699 \
      FL "//slac/my storage/groups/CD/EIE/projects/XTCAV/MKSUII/chassis/xilinx/mksuii_x/ipcore_dir/SPI_Fifo.vhd" \
      PB ieee/std_logic_1164 1308643377
AR work/SPI_Fifo/SPI_Fifo_a 1371757700 \
      FL "//slac/my storage/groups/CD/EIE/projects/XTCAV/MKSUII/chassis/xilinx/mksuii_x/ipcore_dir/SPI_Fifo.vhd" \
      EN work/SPI_Fifo 1371757699
FL "//slac/my storage/groups/CD/EIE/projects/XTCAV/MKSUII/chassis/xilinx/mksuii_x/ipcore_dir/sysmon_dpram.vhd" 2010/09/01.15:34:51 O.61xd
EN work/sysmon_dpram 1371757737 \
      FL "//slac/my storage/groups/CD/EIE/projects/XTCAV/MKSUII/chassis/xilinx/mksuii_x/ipcore_dir/sysmon_dpram.vhd" \
      PB ieee/std_logic_1164 1308643377
AR work/sysmon_dpram/sysmon_dpram_a 1371757738 \
      FL "//slac/my storage/groups/CD/EIE/projects/XTCAV/MKSUII/chassis/xilinx/mksuii_x/ipcore_dir/sysmon_dpram.vhd" \
      EN work/sysmon_dpram 1371757737
FL "//slac/my storage/groups/CD/EIE/projects/XTCAV/MKSUII/chassis/xilinx/mksuii_x/ipcore_dir/xsysmon.vhd" 2010/09/02.08:41:59 O.61xd
EN work/xsysmon 1371757735 \
      FL "//slac/my storage/groups/CD/EIE/projects/XTCAV/MKSUII/chassis/xilinx/mksuii_x/ipcore_dir/xsysmon.vhd" \
      PB ieee/std_logic_1164 1308643377 PB ieee/NUMERIC_STD 1308643378 LB UNISIM \
      PH unisim/VCOMPONENTS 1308643377
AR work/xsysmon/xilinx 1371757736 \
      FL "//slac/my storage/groups/CD/EIE/projects/XTCAV/MKSUII/chassis/xilinx/mksuii_x/ipcore_dir/xsysmon.vhd" \
      EN work/xsysmon 1371757735 CP SYSMON
