AR faultgen behaviour /home/ise/XilinxShare/XTCAV/xilinx/vhdlV550/FaultGen.vhd sub01/vhpl135 1616434263
EN gigabit_block NULL /home/ise/XilinxShare/XTCAV/xilinx/vhdlV550/Coregen/GigaBit/GigaBit_block.vhd sub00/vhpl34 1616434162
EN glink_intf NULL /home/ise/XilinxShare/XTCAV/xilinx/vhdlV550/glink_intfFixIP.vhd sub00/vhpl74 1616434202
AR legacymodcmd behaviour /home/ise/XilinxShare/XTCAV/xilinx/vhdlV550/LegacyModCmd.vhd sub01/vhpl121 1616434249
AR flash_intf behavioral /home/ise/XilinxShare/XTCAV/xilinx/vhdlV550/flash_intf.vhd sub01/vhpl141 1616434269
EN ram16x16dp NULL /home/ise/XilinxShare/XTCAV/xilinx/mksuii_x/ipcore_dir/ram16x16dp.vhd sub00/vhpl66 1616434194
AR flow_intf behaviour /home/ise/XilinxShare/XTCAV/xilinx/vhdlV550/flow_intf.vhd sub01/vhpl119 1616434247
EN mults16s16x54 NULL /home/ise/XilinxShare/XTCAV/xilinx/mksuii_x/ipcore_dir/mults16s16x54.vhd sub00/vhpl14 1616434142
AR xsysmon xilinx /home/ise/XilinxShare/XTCAV/xilinx/mksuii_x/ipcore_dir/xsysmon.vhd sub00/vhpl57 1616434185
AR gtp_dual_1000x structural /home/ise/XilinxShare/XTCAV/xilinx/vhdlV550/Coregen/GigaBit/gtp_dual_1000X.vhd sub00/vhpl11 1616434139
EN flash_intf NULL /home/ise/XilinxShare/XTCAV/xilinx/vhdlV550/flash_intf.vhd sub01/vhpl140 1616434268
AR ediptft43_intf behavioral /home/ise/XilinxShare/XTCAV/xilinx/vhdlV550/eDipTFT43_Intf.vhd sub00/vhpl47 1616434175
EN tx_client_fifo_8 NULL /home/ise/XilinxShare/XTCAV/xilinx/vhdlV550/Coregen/GigaBit/tx_client_fifo_8.vhd sub00/vhpl06 1616434134
EN mon_adc_cntl NULL /home/ise/XilinxShare/XTCAV/xilinx/vhdlV550/Mon_ADC_Cntl.vhd sub01/vhpl100 1616434228
AR clken_gen behavioral /home/ise/XilinxShare/XTCAV/xilinx/vhdlV550/ClkEn_Gen.vhd sub00/vhpl85 1616434213
AR modcmd behaviour /home/ise/XilinxShare/XTCAV/xilinx/vhdlV550/ModCmd.vhd sub01/vhpl117 1616434245
EN fastdiffin NULL /home/ise/XilinxShare/XTCAV/xilinx/vhdlV550/FastDiffIn.vhd sub00/vhpl32 1616434160
AR sfp_intf behavioral /home/ise/XilinxShare/XTCAV/xilinx/vhdlV550/sfp_intf.vhd sub01/vhpl139 1616434267
AR eth_fifo_8 rtl /home/ise/XilinxShare/XTCAV/xilinx/vhdlV550/Coregen/GigaBit/eth_fifo_8.vhd sub00/vhpl37 1616434165
AR faulthistoryram faulthistoryram_a /home/ise/XilinxShare/XTCAV/xilinx/mksuii_x/ipcore_dir/FaultHistoryRam.vhd sub00/vhpl43 1616434171
EN slow_adc_cntl NULL /home/ise/XilinxShare/XTCAV/xilinx/vhdlV550/Slow_ADC_Cntl.vhd sub00/vhpl98 1616434226
AR rx_client_fifo_8 rtl /home/ise/XilinxShare/XTCAV/xilinx/vhdlV550/Coregen/GigaBit/rx_client_fifo_8.vhd sub00/vhpl09 1616434137
EN flash_fifo_dpram512x15 NULL /home/ise/XilinxShare/XTCAV/xilinx/mksuii_x/ipcore_dir/Flash_Fifo_DPRam512x15.vhd sub00/vhpl40 1616434168
EN spi_fifo NULL /home/ise/XilinxShare/XTCAV/xilinx/mksuii_x/ipcore_dir/SPI_Fifo.vhd sub00/vhpl22 1616434150
EN threscomp NULL /home/ise/XilinxShare/XTCAV/xilinx/vhdlV550/ThresComp.vhd sub00/vhpl24 1616434152
AR rfdrive behaviour /home/ise/XilinxShare/XTCAV/xilinx/vhdlV550/RFDrive.vhd sub01/vhpl111 1616434239
EN rx_client_fifo_8 NULL /home/ise/XilinxShare/XTCAV/xilinx/vhdlV550/Coregen/GigaBit/rx_client_fifo_8.vhd sub00/vhpl08 1616434136
AR faulthistory behavioral /home/ise/XilinxShare/XTCAV/xilinx/mksuii_x/FaultHistory.vhd sub01/vhpl137 1616434265
EN localtrigger NULL /home/ise/XilinxShare/XTCAV/xilinx/vhdlV550/LocalTrigger.vhd sub00/vhpl92 1616434220
EN wg_vac NULL /home/ise/XilinxShare/XTCAV/xilinx/vhdlV550/WGVac.vhd sub01/vhpl122 1616434250
AR mksuii_x behavioral /home/ise/XilinxShare/XTCAV/xilinx/vhdlV550/mksuii_x.vhd sub01/vhpl143 1616434271
AR sysmon_dpram sysmon_dpram_a /home/ise/XilinxShare/XTCAV/xilinx/mksuii_x/ipcore_dir/sysmon_dpram.vhd sub00/vhpl59 1616434187
EN clken_gen NULL /home/ise/XilinxShare/XTCAV/xilinx/vhdlV550/ClkEn_Gen.vhd sub00/vhpl84 1616434212
AR acc12x20 acc12x20_a /home/ise/XilinxShare/XTCAV/xilinx/mksuii_x/ipcore_dir/Acc12x20.vhd sub00/vhpl27 1616434155
AR slow_adc_cntl behavioral /home/ise/XilinxShare/XTCAV/xilinx/vhdlV550/Slow_ADC_Cntl.vhd sub00/vhpl99 1616434227
AR mults16s16x54 mults16s16x54_a /home/ise/XilinxShare/XTCAV/xilinx/mksuii_x/ipcore_dir/mults16s16x54.vhd sub00/vhpl15 1616434143
EN fastadcintf NULL /home/ise/XilinxShare/XTCAV/xilinx/vhdlV550/FastADCIntf.vhd sub00/vhpl96 1616434224
EN ionpump NULL /home/ise/XilinxShare/XTCAV/xilinx/vhdlV550/IonPump.vhd sub01/vhpl126 1616434254
EN gigabit NULL /home/ise/XilinxShare/XTCAV/xilinx/vhdlV550/Coregen/GigaBit/GigaBit.vhd sub00/vhpl12 1616434140
AR tankpump behaviour /home/ise/XilinxShare/XTCAV/xilinx/vhdlV550/TankPump.vhd sub01/vhpl115 1616434243
EN fadcclkdcm NULL /home/ise/XilinxShare/XTCAV/xilinx/mksuii_x/FADCClkDCM.vhd sub00/vhpl30 1616434158
EN control_intf NULL /home/ise/XilinxShare/XTCAV/xilinx/vhdlV550/controlIntf.vhd sub01/vhpl128 1616434256
EN modcmd NULL /home/ise/XilinxShare/XTCAV/xilinx/vhdlV550/ModCmd.vhd sub01/vhpl116 1616434244
EN max1308intf NULL /home/ise/XilinxShare/XTCAV/xilinx/vhdlV550/max1308Intf.vhd sub00/vhpl60 1616434188
PH mksuii NULL /home/ise/XilinxShare/XTCAV/xilinx/vhdlV550/mksuiiFixedIP_x_pkg.vhd sub00/vhpl02 1616434130
EN prog_strobe16 NULL /home/ise/XilinxShare/XTCAV/xilinx/vhdlV550/prog_strobe16.vhd sub00/vhpl20 1616434148
EN ediptft43_intf NULL /home/ise/XilinxShare/XTCAV/xilinx/vhdlV550/eDipTFT43_Intf.vhd sub00/vhpl46 1616434174
AR tempadc behaviour /home/ise/XilinxShare/XTCAV/xilinx/vhdlV550/TempADC.vhd sub01/vhpl107 1616434235
EN mksuii_glink NULL /home/ise/XilinxShare/XTCAV/xilinx/vhdlV550/mksuii_Glink.vhd sub00/vhpl88 1616434216
EN sysinfo NULL /home/ise/XilinxShare/XTCAV/xilinx/vhdlV550/SysInfo.vhd sub01/vhpl130 1616434258
AR gigabit wrapper /home/ise/XilinxShare/XTCAV/xilinx/vhdlV550/Coregen/GigaBit/GigaBit.vhd sub00/vhpl13 1616434141
AR pon_rst behavioral /home/ise/XilinxShare/XTCAV/xilinx/vhdlV550/pon_rst.vhd sub00/vhpl79 1616434207
EN fastchannel NULL /home/ise/XilinxShare/XTCAV/xilinx/vhdlV550/FastChannel.vhd sub00/vhpl70 1616434198
EN trigger NULL /home/ise/XilinxShare/XTCAV/xilinx/vhdlV550/Trigger.vhd sub00/vhpl94 1616434222
EN legacymodcmd NULL /home/ise/XilinxShare/XTCAV/xilinx/vhdlV550/LegacyModCmd.vhd sub01/vhpl120 1616434248
AR fastadcintf behaviour /home/ise/XilinxShare/XTCAV/xilinx/vhdlV550/FastADCIntf.vhd sub00/vhpl97 1616434225
AR ionpump behaviour /home/ise/XilinxShare/XTCAV/xilinx/vhdlV550/IonPump.vhd sub01/vhpl127 1616434255
AR threscomp behavioral /home/ise/XilinxShare/XTCAV/xilinx/vhdlV550/ThresComp.vhd sub00/vhpl25 1616434153
AR frontpanel_input behavioral /home/ise/XilinxShare/XTCAV/xilinx/vhdlV550/FrontPanel_Input.vhd sub00/vhpl87 1616434215
AR prog_strobe16 behaviour /home/ise/XilinxShare/XTCAV/xilinx/vhdlV550/prog_strobe16.vhd sub00/vhpl21 1616434149
EN magintf NULL /home/ise/XilinxShare/XTCAV/xilinx/vhdlV550/MagIntf.vhd sub01/vhpl124 1616434252
AR fastchannel behavioral /home/ise/XilinxShare/XTCAV/xilinx/vhdlV550/FastChannel.vhd sub00/vhpl71 1616434199
AR spi_fifo spi_fifo_a /home/ise/XilinxShare/XTCAV/xilinx/mksuii_x/ipcore_dir/SPI_Fifo.vhd sub00/vhpl23 1616434151
AR magintf behaviour /home/ise/XilinxShare/XTCAV/xilinx/vhdlV550/MagIntf.vhd sub01/vhpl125 1616434253
EN gtp_dual_1000x NULL /home/ise/XilinxShare/XTCAV/xilinx/vhdlV550/Coregen/GigaBit/gtp_dual_1000X.vhd sub00/vhpl10 1616434138
AR digit rtl /home/ise/XilinxShare/XTCAV/xilinx/vhdlV550/digit.vhd sub00/vhpl05 1616434133
AR ram16x16dp ram16x16dp_a /home/ise/XilinxShare/XTCAV/xilinx/mksuii_x/ipcore_dir/ram16x16dp.vhd sub00/vhpl67 1616434195
EN debounce NULL /home/ise/XilinxShare/XTCAV/xilinx/vhdlV550/DeBounce.vhd sub00/vhpl50 1616434178
AR rocketio_wrapper_gtp_tile rtl /home/ise/XilinxShare/XTCAV/xilinx/vhdlV550/Coregen/GigaBit/rocketio_wrapper_gtp_tile.vhd sub00/vhpl01 1616434129
AR ad9228input behavioral /home/ise/XilinxShare/XTCAV/xilinx/vhdlV550/ad9228Input.vhd sub00/vhpl69 1616434197
AR gigabit_block top_level /home/ise/XilinxShare/XTCAV/xilinx/vhdlV550/Coregen/GigaBit/GigaBit_block.vhd sub00/vhpl35 1616434163
AR dpot behaviour /home/ise/XilinxShare/XTCAV/xilinx/vhdlV550/DPot.vhd sub00/vhpl73 1616434201
EN digit NULL /home/ise/XilinxShare/XTCAV/xilinx/vhdlV550/digit.vhd sub00/vhpl04 1616434132
AR oneshotcen4bit behaviour /home/ise/XilinxShare/XTCAV/xilinx/vhdlV550/oneshotCEn4Bit.vhd sub00/vhpl45 1616434173
EN gigabit_locallink NULL /home/ise/XilinxShare/XTCAV/xilinx/vhdlV550/Coregen/GigaBit/GigaBit_locallink.vhd sub00/vhpl76 1616434204
AR focuscoil behaviour /home/ise/XilinxShare/XTCAV/xilinx/vhdlV550/FocusCoil.vhd sub01/vhpl113 1616434241
AR flash_fifo512x16 flash_fifo512x16_a /home/ise/XilinxShare/XTCAV/xilinx/mksuii_x/ipcore_dir/Flash_Fifo512x16.vhd sub00/vhpl39 1616434167
EN ad9228input NULL /home/ise/XilinxShare/XTCAV/xilinx/vhdlV550/ad9228Input.vhd sub00/vhpl68 1616434196
AR mksuii_glink behavioral /home/ise/XilinxShare/XTCAV/xilinx/vhdlV550/mksuii_Glink.vhd sub00/vhpl89 1616434217
EN flow_intf NULL /home/ise/XilinxShare/XTCAV/xilinx/vhdlV550/flow_intf.vhd sub01/vhpl118 1616434246
AR sysinfo behaviour /home/ise/XilinxShare/XTCAV/xilinx/vhdlV550/SysInfo.vhd sub01/vhpl131 1616434259
AR ram16x16 ram16x16_a /home/ise/XilinxShare/XTCAV/xilinx/mksuii_x/ipcore_dir/ram16x16.vhd sub00/vhpl65 1616434193
EN oneshotcen4bit NULL /home/ise/XilinxShare/XTCAV/xilinx/vhdlV550/oneshotCEn4Bit.vhd sub00/vhpl44 1616434172
EN mksuii_x NULL /home/ise/XilinxShare/XTCAV/xilinx/vhdlV550/mksuii_x.vhd sub01/vhpl142 1616434270
AR wg_vac behaviour /home/ise/XilinxShare/XTCAV/xilinx/vhdlV550/WGVac.vhd sub01/vhpl123 1616434251
AR tx_client_fifo_8 rtl /home/ise/XilinxShare/XTCAV/xilinx/vhdlV550/Coregen/GigaBit/tx_client_fifo_8.vhd sub00/vhpl07 1616434135
EN tankpump NULL /home/ise/XilinxShare/XTCAV/xilinx/vhdlV550/TankPump.vhd sub01/vhpl114 1616434242
PB mksuii mksuii /home/ise/XilinxShare/XTCAV/xilinx/vhdlV550/mksuiiFixedIP_x_pkg.vhd sub00/vhpl03 1616434131
EN ram512x12dp NULL /home/ise/XilinxShare/XTCAV/xilinx/mksuii_x/ipcore_dir/Ram512x12dp.vhd sub00/vhpl28 1616434156
EN displayintf NULL /home/ise/XilinxShare/XTCAV/xilinx/vhdlV550/displayIntf.vhd sub01/vhpl132 1616434260
EN fadcspi NULL /home/ise/XilinxShare/XTCAV/xilinx/vhdlV550/FADCSpi.vhd sub01/vhpl108 1616434236
EN faultgen NULL /home/ise/XilinxShare/XTCAV/xilinx/vhdlV550/FaultGen.vhd sub01/vhpl134 1616434262
AR debounce behavioral /home/ise/XilinxShare/XTCAV/xilinx/vhdlV550/DeBounce.vhd sub00/vhpl51 1616434179
EN rfdrive NULL /home/ise/XilinxShare/XTCAV/xilinx/vhdlV550/RFDrive.vhd sub01/vhpl110 1616434238
AR max1308intf behavioral /home/ise/XilinxShare/XTCAV/xilinx/vhdlV550/max1308Intf.vhd sub00/vhpl61 1616434189
EN bcdconv NULL /home/ise/XilinxShare/XTCAV/xilinx/vhdlV550/bcdconv.vhd sub00/vhpl18 1616434146
EN oneshotcen NULL /home/ise/XilinxShare/XTCAV/xilinx/vhdlV550/oneshotCEn.vhd sub00/vhpl52 1616434180
AR clkdet119mhz behavioral /home/ise/XilinxShare/XTCAV/xilinx/vhdlV550/ClkDet119Mhz.vhd sub00/vhpl81 1616434209
EN pon_rst NULL /home/ise/XilinxShare/XTCAV/xilinx/vhdlV550/pon_rst.vhd sub00/vhpl78 1616434206
EN tempadc NULL /home/ise/XilinxShare/XTCAV/xilinx/vhdlV550/TempADC.vhd sub01/vhpl106 1616434234
EN frontpanel_input NULL /home/ise/XilinxShare/XTCAV/xilinx/vhdlV550/FrontPanel_Input.vhd sub00/vhpl86 1616434214
EN dpot NULL /home/ise/XilinxShare/XTCAV/xilinx/vhdlV550/DPot.vhd sub00/vhpl72 1616434200
EN faulthistory NULL /home/ise/XilinxShare/XTCAV/xilinx/mksuii_x/FaultHistory.vhd sub01/vhpl136 1616434264
EN eth_fifo_8 NULL /home/ise/XilinxShare/XTCAV/xilinx/vhdlV550/Coregen/GigaBit/eth_fifo_8.vhd sub00/vhpl36 1616434164
EN faulthistoryram NULL /home/ise/XilinxShare/XTCAV/xilinx/mksuii_x/ipcore_dir/FaultHistoryRam.vhd sub00/vhpl42 1616434170
AR alu behavioral /home/ise/XilinxShare/XTCAV/xilinx/vhdlV550/alu.vhd sub00/vhpl49 1616434177
EN sign16plussign16 NULL /home/ise/XilinxShare/XTCAV/xilinx/mksuii_x/ipcore_dir/sign16plussign16.vhd sub00/vhpl16 1616434144
EN rfdrivedpmem NULL /home/ise/XilinxShare/XTCAV/xilinx/mksuii_x/ipcore_dir/RFDriveDPMem.vhd sub00/vhpl54 1616434182
AR glink_decode behavioral /home/ise/XilinxShare/XTCAV/xilinx/vhdlV550/Glink_Decode.vhd sub00/vhpl91 1616434219
EN clkmux NULL /home/ise/XilinxShare/XTCAV/xilinx/mksuii_x/ClkMux.vhd sub00/vhpl82 1616434210
EN rocketio_wrapper_gtp_tile NULL /home/ise/XilinxShare/XTCAV/xilinx/vhdlV550/Coregen/GigaBit/rocketio_wrapper_gtp_tile.vhd sub00/vhpl00 1616434128
EN focuscoil NULL /home/ise/XilinxShare/XTCAV/xilinx/vhdlV550/FocusCoil.vhd sub01/vhpl112 1616434240
EN glink_decode NULL /home/ise/XilinxShare/XTCAV/xilinx/vhdlV550/Glink_Decode.vhd sub00/vhpl90 1616434218
AR control_intf behaviour /home/ise/XilinxShare/XTCAV/xilinx/vhdlV550/controlIntf.vhd sub01/vhpl129 1616434257
AR acc12x16 acc12x16_a /home/ise/XilinxShare/XTCAV/xilinx/mksuii_x/ipcore_dir/Acc12x16.vhd sub00/vhpl63 1616434191
AR localtrigger behavioral /home/ise/XilinxShare/XTCAV/xilinx/vhdlV550/LocalTrigger.vhd sub00/vhpl93 1616434221
AR oneshotcen behaviour /home/ise/XilinxShare/XTCAV/xilinx/vhdlV550/oneshotCEn.vhd sub00/vhpl53 1616434181
EN sfp_intf NULL /home/ise/XilinxShare/XTCAV/xilinx/vhdlV550/sfp_intf.vhd sub01/vhpl138 1616434266
AR displayintf behavioral /home/ise/XilinxShare/XTCAV/xilinx/vhdlV550/displayIntf.vhd sub01/vhpl133 1616434261
AR fadcclkdcm behavioral /home/ise/XilinxShare/XTCAV/xilinx/mksuii_x/FADCClkDCM.vhd sub00/vhpl31 1616434159
AR gigabit_locallink top_level /home/ise/XilinxShare/XTCAV/xilinx/vhdlV550/Coregen/GigaBit/GigaBit_locallink.vhd sub00/vhpl77 1616434205
AR fastdiffin behavioral /home/ise/XilinxShare/XTCAV/xilinx/vhdlV550/FastDiffIn.vhd sub00/vhpl33 1616434161
EN clkdet119mhz NULL /home/ise/XilinxShare/XTCAV/xilinx/vhdlV550/ClkDet119Mhz.vhd sub00/vhpl80 1616434208
AR flash_fifo_dpram512x15 flash_fifo_dpram512x15_a /home/ise/XilinxShare/XTCAV/xilinx/mksuii_x/ipcore_dir/Flash_Fifo_DPRam512x15.vhd sub00/vhpl41 1616434169
EN flash_fifo512x16 NULL /home/ise/XilinxShare/XTCAV/xilinx/mksuii_x/ipcore_dir/Flash_Fifo512x16.vhd sub00/vhpl38 1616434166
AR fadcspi behaviour /home/ise/XilinxShare/XTCAV/xilinx/vhdlV550/FADCSpi.vhd sub01/vhpl109 1616434237
AR glink_intf behavioral /home/ise/XilinxShare/XTCAV/xilinx/vhdlV550/glink_intfFixIP.vhd sub00/vhpl75 1616434203
AR ram512x12dp ram512x12dp_a /home/ise/XilinxShare/XTCAV/xilinx/mksuii_x/ipcore_dir/Ram512x12dp.vhd sub00/vhpl29 1616434157
AR rfdrivedpmem rfdrivedpmem_a /home/ise/XilinxShare/XTCAV/xilinx/mksuii_x/ipcore_dir/RFDriveDPMem.vhd sub00/vhpl55 1616434183
EN acc12x20 NULL /home/ise/XilinxShare/XTCAV/xilinx/mksuii_x/ipcore_dir/Acc12x20.vhd sub00/vhpl26 1616434154
AR clkmux behavioral /home/ise/XilinxShare/XTCAV/xilinx/mksuii_x/ClkMux.vhd sub00/vhpl83 1616434211
EN acc12x16 NULL /home/ise/XilinxShare/XTCAV/xilinx/mksuii_x/ipcore_dir/Acc12x16.vhd sub00/vhpl62 1616434190
AR trigger behaviour /home/ise/XilinxShare/XTCAV/xilinx/vhdlV550/Trigger.vhd sub00/vhpl95 1616434223
EN sysmon_intf NULL /home/ise/XilinxShare/XTCAV/xilinx/vhdlV550/SysMon_Intf.vhd sub01/vhpl104 1616434232
EN frontpanel_led NULL /home/ise/XilinxShare/XTCAV/xilinx/vhdlV550/FrontPanel_LED.vhd sub01/vhpl102 1616434230
EN xsysmon NULL /home/ise/XilinxShare/XTCAV/xilinx/mksuii_x/ipcore_dir/xsysmon.vhd sub00/vhpl56 1616434184
AR sign16plussign16 sign16plussign16_a /home/ise/XilinxShare/XTCAV/xilinx/mksuii_x/ipcore_dir/sign16plussign16.vhd sub00/vhpl17 1616434145
AR mon_adc_cntl behavioral /home/ise/XilinxShare/XTCAV/xilinx/vhdlV550/Mon_ADC_Cntl.vhd sub01/vhpl101 1616434229
EN sysmon_dpram NULL /home/ise/XilinxShare/XTCAV/xilinx/mksuii_x/ipcore_dir/sysmon_dpram.vhd sub00/vhpl58 1616434186
EN alu NULL /home/ise/XilinxShare/XTCAV/xilinx/vhdlV550/alu.vhd sub00/vhpl48 1616434176
AR bcdconv rtl /home/ise/XilinxShare/XTCAV/xilinx/vhdlV550/bcdconv.vhd sub00/vhpl19 1616434147
AR sysmon_intf behavioral /home/ise/XilinxShare/XTCAV/xilinx/vhdlV550/SysMon_Intf.vhd sub01/vhpl105 1616434233
AR frontpanel_led behavioral /home/ise/XilinxShare/XTCAV/xilinx/vhdlV550/FrontPanel_LED.vhd sub01/vhpl103 1616434231
EN ram16x16 NULL /home/ise/XilinxShare/XTCAV/xilinx/mksuii_x/ipcore_dir/ram16x16.vhd sub00/vhpl64 1616434192
