V3 386
FL /home/ise/XilinxShare/XTCAV/xilinx/mksuii_x/ClkMux.vhd 2021/03/19.16:02:51 P.20131013
EN work/ClkMux 1616434210 \
      FL /home/ise/XilinxShare/XTCAV/xilinx/mksuii_x/ClkMux.vhd \
      PB ieee/std_logic_1164 1381692176 PB ieee/NUMERIC_STD 1381692181 LB UNISIM \
      PH unisim/VCOMPONENTS 1381692182
AR work/ClkMux/BEHAVIORAL 1616434211 \
      FL /home/ise/XilinxShare/XTCAV/xilinx/mksuii_x/ClkMux.vhd EN work/ClkMux 1616434210 \
      CP bufg CP PLL_ADV
FL /home/ise/XilinxShare/XTCAV/xilinx/mksuii_x/FADCClkDCM.vhd 2021/03/19.16:02:49 P.20131013
EN work/FADCClkDCM 1616434158 \
      FL /home/ise/XilinxShare/XTCAV/xilinx/mksuii_x/FADCClkDCM.vhd \
      PB ieee/std_logic_1164 1381692176 PB ieee/NUMERIC_STD 1381692181 LB UNISIM \
      PH unisim/VCOMPONENTS 1381692182
AR work/FADCClkDCM/BEHAVIORAL 1616434159 \
      FL /home/ise/XilinxShare/XTCAV/xilinx/mksuii_x/FADCClkDCM.vhd \
      EN work/FADCClkDCM 1616434158 CP IBUFGDS CP bufg CP DCM_ADV
FL /home/ise/XilinxShare/XTCAV/xilinx/mksuii_x/FaultHistory.vhd 2021/03/18.19:09:40 P.20131013
EN work/FaultHistory 1616434264 \
      FL /home/ise/XilinxShare/XTCAV/xilinx/mksuii_x/FaultHistory.vhd \
      PB ieee/std_logic_1164 1381692176 PB ieee/std_logic_arith 1381692177 \
      PB ieee/STD_LOGIC_SIGNED 1381692178 PB work/mksuii 1616434131
AR work/FaultHistory/Behavioral 1616434265 \
      FL /home/ise/XilinxShare/XTCAV/xilinx/mksuii_x/FaultHistory.vhd \
      EN work/FaultHistory 1616434264 CP FaultHistoryRam
FL /home/ise/XilinxShare/XTCAV/xilinx/mksuii_x/ipcore_dir/Acc12x16.vhd 2021/03/18.19:09:57 P.20131013
EN work/Acc12x16 1616434190 \
      FL /home/ise/XilinxShare/XTCAV/xilinx/mksuii_x/ipcore_dir/Acc12x16.vhd \
      PB ieee/std_logic_1164 1381692176
AR work/Acc12x16/Acc12x16_a 1616434191 \
      FL /home/ise/XilinxShare/XTCAV/xilinx/mksuii_x/ipcore_dir/Acc12x16.vhd \
      EN work/Acc12x16 1616434190
FL /home/ise/XilinxShare/XTCAV/xilinx/mksuii_x/ipcore_dir/Acc12x20.vhd 2021/03/18.19:09:57 P.20131013
EN work/Acc12x20 1616434154 \
      FL /home/ise/XilinxShare/XTCAV/xilinx/mksuii_x/ipcore_dir/Acc12x20.vhd \
      PB ieee/std_logic_1164 1381692176
AR work/Acc12x20/Acc12x20_a 1616434155 \
      FL /home/ise/XilinxShare/XTCAV/xilinx/mksuii_x/ipcore_dir/Acc12x20.vhd \
      EN work/Acc12x20 1616434154
FL /home/ise/XilinxShare/XTCAV/xilinx/mksuii_x/ipcore_dir/FaultHistoryRam.vhd 2021/03/18.19:09:53 P.20131013
EN work/FaultHistoryRam 1616434170 \
      FL /home/ise/XilinxShare/XTCAV/xilinx/mksuii_x/ipcore_dir/FaultHistoryRam.vhd \
      PB ieee/std_logic_1164 1381692176
AR work/FaultHistoryRam/FaultHistoryRam_a 1616434171 \
      FL /home/ise/XilinxShare/XTCAV/xilinx/mksuii_x/ipcore_dir/FaultHistoryRam.vhd \
      EN work/FaultHistoryRam 1616434170
FL /home/ise/XilinxShare/XTCAV/xilinx/mksuii_x/ipcore_dir/Flash_Fifo512x16.vhd 2021/03/18.19:09:52 P.20131013
EN work/Flash_Fifo512x16 1616434166 \
      FL /home/ise/XilinxShare/XTCAV/xilinx/mksuii_x/ipcore_dir/Flash_Fifo512x16.vhd \
      PB ieee/std_logic_1164 1381692176
AR work/Flash_Fifo512x16/Flash_Fifo512x16_a 1616434167 \
      FL /home/ise/XilinxShare/XTCAV/xilinx/mksuii_x/ipcore_dir/Flash_Fifo512x16.vhd \
      EN work/Flash_Fifo512x16 1616434166
FL /home/ise/XilinxShare/XTCAV/xilinx/mksuii_x/ipcore_dir/Flash_Fifo_DPRam512x15.vhd 2021/03/18.19:09:52 P.20131013
EN work/Flash_Fifo_DPRam512x15 1616434168 \
      FL /home/ise/XilinxShare/XTCAV/xilinx/mksuii_x/ipcore_dir/Flash_Fifo_DPRam512x15.vhd \
      PB ieee/std_logic_1164 1381692176
AR work/Flash_Fifo_DPRam512x15/Flash_Fifo_DPRam512x15_a 1616434169 \
      FL /home/ise/XilinxShare/XTCAV/xilinx/mksuii_x/ipcore_dir/Flash_Fifo_DPRam512x15.vhd \
      EN work/Flash_Fifo_DPRam512x15 1616434168
FL /home/ise/XilinxShare/XTCAV/xilinx/mksuii_x/ipcore_dir/mults16s16x54.vhd 2021/03/18.19:09:51 P.20131013
EN work/mults16s16x54 1616434142 \
      FL /home/ise/XilinxShare/XTCAV/xilinx/mksuii_x/ipcore_dir/mults16s16x54.vhd \
      PB ieee/std_logic_1164 1381692176
AR work/mults16s16x54/mults16s16x54_a 1616434143 \
      FL /home/ise/XilinxShare/XTCAV/xilinx/mksuii_x/ipcore_dir/mults16s16x54.vhd \
      EN work/mults16s16x54 1616434142
FL /home/ise/XilinxShare/XTCAV/xilinx/mksuii_x/ipcore_dir/ram16x16.vhd 2021/03/18.19:09:51 P.20131013
EN work/ram16x16 1616434192 \
      FL /home/ise/XilinxShare/XTCAV/xilinx/mksuii_x/ipcore_dir/ram16x16.vhd \
      PB ieee/std_logic_1164 1381692176
AR work/ram16x16/ram16x16_a 1616434193 \
      FL /home/ise/XilinxShare/XTCAV/xilinx/mksuii_x/ipcore_dir/ram16x16.vhd \
      EN work/ram16x16 1616434192
FL /home/ise/XilinxShare/XTCAV/xilinx/mksuii_x/ipcore_dir/ram16x16dp.vhd 2021/03/18.19:09:51 P.20131013
EN work/Ram16x16dp 1616434194 \
      FL /home/ise/XilinxShare/XTCAV/xilinx/mksuii_x/ipcore_dir/ram16x16dp.vhd \
      PB ieee/std_logic_1164 1381692176
AR work/Ram16x16dp/ram16x16dp_a 1616434195 \
      FL /home/ise/XilinxShare/XTCAV/xilinx/mksuii_x/ipcore_dir/ram16x16dp.vhd \
      EN work/Ram16x16dp 1616434194
FL /home/ise/XilinxShare/XTCAV/xilinx/mksuii_x/ipcore_dir/Ram512x12dp.vhd 2021/03/18.19:09:50 P.20131013
EN work/Ram512x12dp 1616434156 \
      FL /home/ise/XilinxShare/XTCAV/xilinx/mksuii_x/ipcore_dir/Ram512x12dp.vhd \
      PB ieee/std_logic_1164 1381692176
AR work/Ram512x12dp/Ram512x12dp_a 1616434157 \
      FL /home/ise/XilinxShare/XTCAV/xilinx/mksuii_x/ipcore_dir/Ram512x12dp.vhd \
      EN work/Ram512x12dp 1616434156
FL /home/ise/XilinxShare/XTCAV/xilinx/mksuii_x/ipcore_dir/RFDriveDPMem.vhd 2021/03/18.19:09:50 P.20131013
EN work/RFDriveDPMem 1616434182 \
      FL /home/ise/XilinxShare/XTCAV/xilinx/mksuii_x/ipcore_dir/RFDriveDPMem.vhd \
      PB ieee/std_logic_1164 1381692176
AR work/RFDriveDPMem/RFDriveDPMem_a 1616434183 \
      FL /home/ise/XilinxShare/XTCAV/xilinx/mksuii_x/ipcore_dir/RFDriveDPMem.vhd \
      EN work/RFDriveDPMem 1616434182
FL /home/ise/XilinxShare/XTCAV/xilinx/mksuii_x/ipcore_dir/sign16plussign16.vhd 2021/03/18.19:09:50 P.20131013
EN work/sign16plussign16 1616434144 \
      FL /home/ise/XilinxShare/XTCAV/xilinx/mksuii_x/ipcore_dir/sign16plussign16.vhd \
      PB ieee/std_logic_1164 1381692176
AR work/sign16plussign16/sign16plussign16_a 1616434145 \
      FL /home/ise/XilinxShare/XTCAV/xilinx/mksuii_x/ipcore_dir/sign16plussign16.vhd \
      EN work/sign16plussign16 1616434144
FL /home/ise/XilinxShare/XTCAV/xilinx/mksuii_x/ipcore_dir/SPI_Fifo.vhd 2021/03/18.19:09:48 P.20131013
EN work/SPI_Fifo 1616434150 \
      FL /home/ise/XilinxShare/XTCAV/xilinx/mksuii_x/ipcore_dir/SPI_Fifo.vhd \
      PB ieee/std_logic_1164 1381692176
AR work/SPI_Fifo/SPI_Fifo_a 1616434151 \
      FL /home/ise/XilinxShare/XTCAV/xilinx/mksuii_x/ipcore_dir/SPI_Fifo.vhd \
      EN work/SPI_Fifo 1616434150
FL /home/ise/XilinxShare/XTCAV/xilinx/mksuii_x/ipcore_dir/sysmon_dpram.vhd 2021/03/18.19:09:47 P.20131013
EN work/sysmon_dpram 1616434186 \
      FL /home/ise/XilinxShare/XTCAV/xilinx/mksuii_x/ipcore_dir/sysmon_dpram.vhd \
      PB ieee/std_logic_1164 1381692176
AR work/sysmon_dpram/sysmon_dpram_a 1616434187 \
      FL /home/ise/XilinxShare/XTCAV/xilinx/mksuii_x/ipcore_dir/sysmon_dpram.vhd \
      EN work/sysmon_dpram 1616434186
FL /home/ise/XilinxShare/XTCAV/xilinx/mksuii_x/ipcore_dir/xsysmon.vhd 2021/03/18.19:09:46 P.20131013
EN work/xsysmon 1616434184 \
      FL /home/ise/XilinxShare/XTCAV/xilinx/mksuii_x/ipcore_dir/xsysmon.vhd \
      PB ieee/std_logic_1164 1381692176 PB ieee/NUMERIC_STD 1381692181 LB UNISIM \
      PH unisim/VCOMPONENTS 1381692182
AR work/xsysmon/xilinx 1616434185 \
      FL /home/ise/XilinxShare/XTCAV/xilinx/mksuii_x/ipcore_dir/xsysmon.vhd \
      EN work/xsysmon 1616434184 CP SYSMON
FL /home/ise/XilinxShare/XTCAV/xilinx/vhdlV550/ad9228Input.vhd 2021/03/18.19:08:28 P.20131013
EN work/ad9228Input 1616434196 \
      FL /home/ise/XilinxShare/XTCAV/xilinx/vhdlV550/ad9228Input.vhd \
      PB ieee/std_logic_1164 1381692176 PB ieee/std_logic_arith 1381692177 \
      PB ieee/STD_LOGIC_UNSIGNED 1381692179 LB UNISIM PH unisim/VCOMPONENTS 1381692182 \
      PB work/mksuii 1616434131
AR work/ad9228Input/Behavioral 1616434197 \
      FL /home/ise/XilinxShare/XTCAV/xilinx/vhdlV550/ad9228Input.vhd \
      EN work/ad9228Input 1616434196 CP ODDR CP OBUFDS CP FADCClkDCM CP FastDiffIn
FL /home/ise/XilinxShare/XTCAV/xilinx/vhdlV550/alu.vhd 2021/03/18.19:08:28 P.20131013
EN work/alu 1616434176 FL /home/ise/XilinxShare/XTCAV/xilinx/vhdlV550/alu.vhd \
      PB ieee/std_logic_1164 1381692176 PB ieee/std_logic_arith 1381692177 \
      PB ieee/STD_LOGIC_SIGNED 1381692178 PB work/mksuii 1616434131
AR work/alu/Behavioral 1616434177 \
      FL /home/ise/XilinxShare/XTCAV/xilinx/vhdlV550/alu.vhd EN work/alu 1616434176 \
      CP mults16s16x54 CP div54x16x32 CP sign16plussign16 CP BCDConv
FL /home/ise/XilinxShare/XTCAV/xilinx/vhdlV550/bcdconv.vhd 2021/03/18.19:08:28 P.20131013
EN work/BCDConv 1616434146 \
      FL /home/ise/XilinxShare/XTCAV/xilinx/vhdlV550/bcdconv.vhd \
      PB ieee/std_logic_1164 1381692176 PB ieee/std_logic_arith 1381692177 \
      PB ieee/STD_LOGIC_UNSIGNED 1381692179 PB work/mksuii 1616434131
AR work/BCDConv/RTL 1616434147 \
      FL /home/ise/XilinxShare/XTCAV/xilinx/vhdlV550/bcdconv.vhd EN work/BCDConv 1616434146 \
      CP Digit
FL /home/ise/XilinxShare/XTCAV/xilinx/vhdlV550/ClkDet119Mhz.vhd 2021/03/18.19:08:28 P.20131013
EN work/ClkDet119Mhz 1616434208 \
      FL /home/ise/XilinxShare/XTCAV/xilinx/vhdlV550/ClkDet119Mhz.vhd \
      PB ieee/std_logic_1164 1381692176 PB ieee/std_logic_arith 1381692177 \
      PB ieee/STD_LOGIC_UNSIGNED 1381692179
AR work/ClkDet119Mhz/Behavioral 1616434209 \
      FL /home/ise/XilinxShare/XTCAV/xilinx/vhdlV550/ClkDet119Mhz.vhd \
      EN work/ClkDet119Mhz 1616434208
FL /home/ise/XilinxShare/XTCAV/xilinx/vhdlV550/ClkEn_Gen.vhd 2021/03/18.19:08:28 P.20131013
EN work/ClkEn_Gen 1616434212 \
      FL /home/ise/XilinxShare/XTCAV/xilinx/vhdlV550/ClkEn_Gen.vhd \
      PB ieee/std_logic_1164 1381692176 PB ieee/STD_LOGIC_UNSIGNED 1381692179 \
      PB ieee/std_logic_arith 1381692177 PB ieee/NUMERIC_STD 1381692181 \
      PB work/mksuii 1616434131
AR work/ClkEn_Gen/Behavioral 1616434213 \
      FL /home/ise/XilinxShare/XTCAV/xilinx/vhdlV550/ClkEn_Gen.vhd \
      EN work/ClkEn_Gen 1616434212
FL /home/ise/XilinxShare/XTCAV/xilinx/vhdlV550/controlIntf.vhd 2021/03/19.16:14:51 P.20131013
EN work/control_intf 1616434256 \
      FL /home/ise/XilinxShare/XTCAV/xilinx/vhdlV550/controlIntf.vhd \
      PB ieee/std_logic_1164 1381692176 PB ieee/std_logic_arith 1381692177 \
      PB ieee/STD_LOGIC_UNSIGNED 1381692179 PB work/mksuii 1616434131
AR work/control_intf/behaviour 1616434257 \
      FL /home/ise/XilinxShare/XTCAV/xilinx/vhdlV550/controlIntf.vhd \
      EN work/control_intf 1616434256
FL /home/ise/XilinxShare/XTCAV/xilinx/vhdlV550/Coregen/GigaBit/eth_fifo_8.vhd 2021/03/18.19:08:28 P.20131013
EN work/eth_fifo_8 1616434164 \
      FL /home/ise/XilinxShare/XTCAV/xilinx/vhdlV550/Coregen/GigaBit/eth_fifo_8.vhd \
      LB UNISIM PH unisim/VCOMPONENTS 1381692182 PB ieee/std_logic_1164 1381692176 \
      PB ieee/STD_LOGIC_UNSIGNED 1381692179 PB ieee/NUMERIC_STD 1381692181
AR work/eth_fifo_8/RTL 1616434165 \
      FL /home/ise/XilinxShare/XTCAV/xilinx/vhdlV550/Coregen/GigaBit/eth_fifo_8.vhd \
      EN work/eth_fifo_8 1616434164 CP tx_client_fifo_8 CP rx_client_fifo_8
FL /home/ise/XilinxShare/XTCAV/xilinx/vhdlV550/Coregen/GigaBit/GigaBit.vhd 2021/03/18.19:08:28 P.20131013
EN work/GigaBit 1616434140 \
      FL /home/ise/XilinxShare/XTCAV/xilinx/vhdlV550/Coregen/GigaBit/GigaBit.vhd \
      LB UNISIM PH unisim/VCOMPONENTS 1381692182 PB ieee/std_logic_1164 1381692176
AR work/GigaBit/WRAPPER 1616434141 \
      FL /home/ise/XilinxShare/XTCAV/xilinx/vhdlV550/Coregen/GigaBit/GigaBit.vhd \
      EN work/GigaBit 1616434140 CP TEMAC
FL /home/ise/XilinxShare/XTCAV/xilinx/vhdlV550/Coregen/GigaBit/GigaBit_block.vhd 2021/03/18.19:08:28 P.20131013
EN work/GigaBit_block 1616434162 \
      FL /home/ise/XilinxShare/XTCAV/xilinx/vhdlV550/Coregen/GigaBit/GigaBit_block.vhd \
      LB UNISIM PH unisim/VCOMPONENTS 1381692182 PB ieee/std_logic_1164 1381692176
AR work/GigaBit_block/TOP_LEVEL 1616434163 \
      FL /home/ise/XilinxShare/XTCAV/xilinx/vhdlV550/Coregen/GigaBit/GigaBit_block.vhd \
      EN work/GigaBit_block 1616434162 CP GTP_dual_1000X CP GigaBit
FL /home/ise/XilinxShare/XTCAV/xilinx/vhdlV550/Coregen/GigaBit/GigaBit_locallink.vhd 2021/03/18.19:08:28 P.20131013
EN work/GigaBit_locallink 1616434204 \
      FL /home/ise/XilinxShare/XTCAV/xilinx/vhdlV550/Coregen/GigaBit/GigaBit_locallink.vhd \
      LB UNISIM PH unisim/VCOMPONENTS 1381692182 PB ieee/std_logic_1164 1381692176
AR work/GigaBit_locallink/TOP_LEVEL 1616434205 \
      FL /home/ise/XilinxShare/XTCAV/xilinx/vhdlV550/Coregen/GigaBit/GigaBit_locallink.vhd \
      EN work/GigaBit_locallink 1616434204 CP GigaBit_block CP eth_fifo_8
FL /home/ise/XilinxShare/XTCAV/xilinx/vhdlV550/Coregen/GigaBit/gtp_dual_1000X.vhd 2021/03/18.19:08:28 P.20131013
EN work/GTP_dual_1000X 1616434138 \
      FL /home/ise/XilinxShare/XTCAV/xilinx/vhdlV550/Coregen/GigaBit/gtp_dual_1000X.vhd \
      PB ieee/std_logic_1164 1381692176 PB ieee/NUMERIC_STD 1381692181 LB UNISIM \
      PH unisim/VCOMPONENTS 1381692182
AR work/GTP_dual_1000X/structural 1616434139 \
      FL /home/ise/XilinxShare/XTCAV/xilinx/vhdlV550/Coregen/GigaBit/gtp_dual_1000X.vhd \
      EN work/GTP_dual_1000X 1616434138 CP ROCKETIO_WRAPPER_GTP_TILE
FL /home/ise/XilinxShare/XTCAV/xilinx/vhdlV550/Coregen/GigaBit/rocketio_wrapper_gtp_tile.vhd 2021/03/18.19:08:28 P.20131013
EN work/ROCKETIO_WRAPPER_GTP_TILE 1616434128 \
      FL /home/ise/XilinxShare/XTCAV/xilinx/vhdlV550/Coregen/GigaBit/rocketio_wrapper_gtp_tile.vhd \
      PB ieee/std_logic_1164 1381692176 PB ieee/NUMERIC_STD 1381692181 LB UNISIM \
      PH unisim/VCOMPONENTS 1381692182
AR work/ROCKETIO_WRAPPER_GTP_TILE/RTL 1616434129 \
      FL /home/ise/XilinxShare/XTCAV/xilinx/vhdlV550/Coregen/GigaBit/rocketio_wrapper_gtp_tile.vhd \
      EN work/ROCKETIO_WRAPPER_GTP_TILE 1616434128 CP GTP_DUAL
FL /home/ise/XilinxShare/XTCAV/xilinx/vhdlV550/Coregen/GigaBit/rx_client_fifo_8.vhd 2021/03/18.19:08:28 P.20131013
EN work/rx_client_fifo_8 1616434136 \
      FL /home/ise/XilinxShare/XTCAV/xilinx/vhdlV550/Coregen/GigaBit/rx_client_fifo_8.vhd \
      LB UNISIM PH unisim/VCOMPONENTS 1381692182 PB ieee/std_logic_1164 1381692176 \
      PB ieee/STD_LOGIC_UNSIGNED 1381692179 PB ieee/NUMERIC_STD 1381692181
AR work/rx_client_fifo_8/RTL 1616434137 \
      FL /home/ise/XilinxShare/XTCAV/xilinx/vhdlV550/Coregen/GigaBit/rx_client_fifo_8.vhd \
      EN work/rx_client_fifo_8 1616434136 CP RAMB16_S9_S9
FL /home/ise/XilinxShare/XTCAV/xilinx/vhdlV550/Coregen/GigaBit/tx_client_fifo_8.vhd 2021/03/18.19:08:28 P.20131013
EN work/tx_client_fifo_8 1616434134 \
      FL /home/ise/XilinxShare/XTCAV/xilinx/vhdlV550/Coregen/GigaBit/tx_client_fifo_8.vhd \
      LB UNISIM PH unisim/VCOMPONENTS 1381692182 PB ieee/std_logic_1164 1381692176 \
      PB ieee/STD_LOGIC_UNSIGNED 1381692179 PB ieee/NUMERIC_STD 1381692181
AR work/tx_client_fifo_8/RTL 1616434135 \
      FL /home/ise/XilinxShare/XTCAV/xilinx/vhdlV550/Coregen/GigaBit/tx_client_fifo_8.vhd \
      EN work/tx_client_fifo_8 1616434134 CP RAMB16_S9_S9
FL /home/ise/XilinxShare/XTCAV/xilinx/vhdlV550/DeBounce.vhd 2021/03/18.19:08:28 P.20131013
EN work/DeBounce 1616434178 \
      FL /home/ise/XilinxShare/XTCAV/xilinx/vhdlV550/DeBounce.vhd \
      PB ieee/std_logic_1164 1381692176 PB ieee/STD_LOGIC_UNSIGNED 1381692179
AR work/DeBounce/Behavioral 1616434179 \
      FL /home/ise/XilinxShare/XTCAV/xilinx/vhdlV550/DeBounce.vhd \
      EN work/DeBounce 1616434178
FL /home/ise/XilinxShare/XTCAV/xilinx/vhdlV550/digit.vhd 2021/03/18.19:08:28 P.20131013
EN work/Digit 1616434132 FL /home/ise/XilinxShare/XTCAV/xilinx/vhdlV550/digit.vhd \
      PB ieee/std_logic_1164 1381692176
AR work/Digit/RTL 1616434133 \
      FL /home/ise/XilinxShare/XTCAV/xilinx/vhdlV550/digit.vhd EN work/Digit 1616434132
FL /home/ise/XilinxShare/XTCAV/xilinx/vhdlV550/displayIntf.vhd 2021/03/18.22:44:27 P.20131013
EN work/displayIntf 1616434260 \
      FL /home/ise/XilinxShare/XTCAV/xilinx/vhdlV550/displayIntf.vhd \
      PB ieee/std_logic_1164 1381692176 PB ieee/std_logic_arith 1381692177 \
      PB ieee/STD_LOGIC_UNSIGNED 1381692179 PB work/mksuii 1616434131
AR work/displayIntf/Behavioral 1616434261 \
      FL /home/ise/XilinxShare/XTCAV/xilinx/vhdlV550/displayIntf.vhd \
      EN work/displayIntf 1616434260 CP eDipTFT43_intf CP alu
FL /home/ise/XilinxShare/XTCAV/xilinx/vhdlV550/DPot.vhd 2021/03/18.19:08:28 P.20131013
EN work/DPot 1616434200 FL /home/ise/XilinxShare/XTCAV/xilinx/vhdlV550/DPot.vhd \
      PB ieee/std_logic_1164 1381692176 PB ieee/STD_LOGIC_UNSIGNED 1381692179 \
      PB work/mksuii 1616434131
AR work/DPot/Behaviour 1616434201 \
      FL /home/ise/XilinxShare/XTCAV/xilinx/vhdlV550/DPot.vhd EN work/DPot 1616434200
FL /home/ise/XilinxShare/XTCAV/xilinx/vhdlV550/eDipTFT43_Intf.vhd 2021/03/18.19:08:28 P.20131013
EN work/eDipTFT43_intf 1616434174 \
      FL /home/ise/XilinxShare/XTCAV/xilinx/vhdlV550/eDipTFT43_Intf.vhd \
      PB ieee/std_logic_1164 1381692176 PB ieee/STD_LOGIC_UNSIGNED 1381692179 \
      PB ieee/std_logic_arith 1381692177 PB ieee/NUMERIC_STD 1381692181 \
      PB work/mksuii 1616434131
AR work/eDipTFT43_intf/Behavioral 1616434175 \
      FL /home/ise/XilinxShare/XTCAV/xilinx/vhdlV550/eDipTFT43_Intf.vhd \
      EN work/eDipTFT43_intf 1616434174 CP prog_strobe16 CP SPI_Fifo
FL /home/ise/XilinxShare/XTCAV/xilinx/vhdlV550/FADCSpi.vhd 2021/03/18.19:08:28 P.20131013
EN work/FADCSpi 1616434236 \
      FL /home/ise/XilinxShare/XTCAV/xilinx/vhdlV550/FADCSpi.vhd \
      PB ieee/std_logic_1164 1381692176 PB ieee/std_logic_arith 1381692177 \
      PB ieee/STD_LOGIC_SIGNED 1381692178 PB work/mksuii 1616434131
AR work/FADCSpi/behaviour 1616434237 \
      FL /home/ise/XilinxShare/XTCAV/xilinx/vhdlV550/FADCSpi.vhd EN work/FADCSpi 1616434236
FL /home/ise/XilinxShare/XTCAV/xilinx/vhdlV550/FastADCIntf.vhd 2021/03/18.19:08:28 P.20131013
EN work/FastADCIntf 1616434224 \
      FL /home/ise/XilinxShare/XTCAV/xilinx/vhdlV550/FastADCIntf.vhd \
      PB ieee/std_logic_1164 1381692176 PB ieee/std_logic_arith 1381692177 \
      PB ieee/STD_LOGIC_UNSIGNED 1381692179 PB work/mksuii 1616434131
AR work/FastADCIntf/behaviour 1616434225 \
      FL /home/ise/XilinxShare/XTCAV/xilinx/vhdlV550/FastADCIntf.vhd \
      EN work/FastADCIntf 1616434224 CP ad9228Input CP FastChannel
FL /home/ise/XilinxShare/XTCAV/xilinx/vhdlV550/FastChannel.vhd 2021/03/18.19:08:28 P.20131013
EN work/FastChannel 1616434198 \
      FL /home/ise/XilinxShare/XTCAV/xilinx/vhdlV550/FastChannel.vhd \
      PB ieee/std_logic_1164 1381692176 PB ieee/STD_LOGIC_UNSIGNED 1381692179 \
      PB work/mksuii 1616434131
AR work/FastChannel/Behavioral 1616434199 \
      FL /home/ise/XilinxShare/XTCAV/xilinx/vhdlV550/FastChannel.vhd \
      EN work/FastChannel 1616434198 CP ThresComp CP Acc12x20 CP Div20x8 \
      CP Ram512x12dp
FL /home/ise/XilinxShare/XTCAV/xilinx/vhdlV550/FastDiffIn.vhd 2021/03/18.19:08:28 P.20131013
EN work/FastDiffIn 1616434160 \
      FL /home/ise/XilinxShare/XTCAV/xilinx/vhdlV550/FastDiffIn.vhd \
      PB ieee/std_logic_1164 1381692176 LB UNISIM PH unisim/VCOMPONENTS 1381692182
AR work/FastDiffIn/Behavioral 1616434161 \
      FL /home/ise/XilinxShare/XTCAV/xilinx/vhdlV550/FastDiffIn.vhd \
      EN work/FastDiffIn 1616434160 CP IBUFDS CP IODELAY CP IDDR
FL /home/ise/XilinxShare/XTCAV/xilinx/vhdlV550/FaultGen.vhd 2021/03/18.19:08:28 P.20131013
EN work/FaultGen 1616434262 \
      FL /home/ise/XilinxShare/XTCAV/xilinx/vhdlV550/FaultGen.vhd PB work/mksuii 1616434131 \
      PB ieee/std_logic_1164 1381692176 PB ieee/std_logic_arith 1381692177 \
      PB ieee/STD_LOGIC_UNSIGNED 1381692179
AR work/FaultGen/Behaviour 1616434263 \
      FL /home/ise/XilinxShare/XTCAV/xilinx/vhdlV550/FaultGen.vhd \
      EN work/FaultGen 1616434262 CP oneshotCEn4Bit
FL /home/ise/XilinxShare/XTCAV/xilinx/vhdlV550/flash_intf.vhd 2021/03/18.19:08:28 P.20131013
EN work/flash_intf 1616434268 \
      FL /home/ise/XilinxShare/XTCAV/xilinx/vhdlV550/flash_intf.vhd \
      PB ieee/std_logic_1164 1381692176 PB ieee/std_logic_arith 1381692177 \
      PB ieee/STD_LOGIC_UNSIGNED 1381692179 PB work/mksuii 1616434131
AR work/flash_intf/Behavioral 1616434269 \
      FL /home/ise/XilinxShare/XTCAV/xilinx/vhdlV550/flash_intf.vhd \
      EN work/flash_intf 1616434268 CP flash_fifo512x16 CP Flash_Fifo_DPRam512x15
FL /home/ise/XilinxShare/XTCAV/xilinx/vhdlV550/flow_intf.vhd 2021/03/18.19:08:28 P.20131013
EN work/flow_intf 1616434246 \
      FL /home/ise/XilinxShare/XTCAV/xilinx/vhdlV550/flow_intf.vhd \
      PB ieee/std_logic_1164 1381692176 PB ieee/std_logic_arith 1381692177 \
      PB ieee/STD_LOGIC_UNSIGNED 1381692179 PB work/mksuii 1616434131
AR work/flow_intf/behaviour 1616434247 \
      FL /home/ise/XilinxShare/XTCAV/xilinx/vhdlV550/flow_intf.vhd \
      EN work/flow_intf 1616434246 CP DeBounce
FL /home/ise/XilinxShare/XTCAV/xilinx/vhdlV550/FocusCoil.vhd 2021/03/18.19:08:28 P.20131013
EN work/FocusCoil 1616434240 \
      FL /home/ise/XilinxShare/XTCAV/xilinx/vhdlV550/FocusCoil.vhd \
      PB ieee/std_logic_1164 1381692176 PB ieee/std_logic_arith 1381692177 \
      PB ieee/STD_LOGIC_UNSIGNED 1381692179 PB work/mksuii 1616434131
AR work/FocusCoil/behaviour 1616434241 \
      FL /home/ise/XilinxShare/XTCAV/xilinx/vhdlV550/FocusCoil.vhd \
      EN work/FocusCoil 1616434240
FL /home/ise/XilinxShare/XTCAV/xilinx/vhdlV550/FrontPanel_Input.vhd 2021/03/18.19:08:28 P.20131013
EN work/FrontPanel_Input 1616434214 \
      FL /home/ise/XilinxShare/XTCAV/xilinx/vhdlV550/FrontPanel_Input.vhd \
      PB ieee/std_logic_1164 1381692176 PB ieee/std_logic_arith 1381692177 \
      PB ieee/STD_LOGIC_UNSIGNED 1381692179 PB work/mksuii 1616434131
AR work/FrontPanel_Input/Behavioral 1616434215 \
      FL /home/ise/XilinxShare/XTCAV/xilinx/vhdlV550/FrontPanel_Input.vhd \
      EN work/FrontPanel_Input 1616434214 CP DeBounce
FL /home/ise/XilinxShare/XTCAV/xilinx/vhdlV550/FrontPanel_LED.vhd 2021/03/18.19:08:28 P.20131013
EN work/FrontPanel_LED 1616434230 \
      FL /home/ise/XilinxShare/XTCAV/xilinx/vhdlV550/FrontPanel_LED.vhd \
      PB ieee/std_logic_1164 1381692176 PB ieee/std_logic_arith 1381692177 \
      PB ieee/STD_LOGIC_UNSIGNED 1381692179 PB work/mksuii 1616434131
AR work/FrontPanel_LED/Behavioral 1616434231 \
      FL /home/ise/XilinxShare/XTCAV/xilinx/vhdlV550/FrontPanel_LED.vhd \
      EN work/FrontPanel_LED 1616434230 CP oneshotCEn4Bit
FL /home/ise/XilinxShare/XTCAV/xilinx/vhdlV550/Glink_Decode.vhd 2021/03/18.19:08:28 P.20131013
EN work/Glink_Decode 1616434218 \
      FL /home/ise/XilinxShare/XTCAV/xilinx/vhdlV550/Glink_Decode.vhd \
      PB ieee/std_logic_1164 1381692176 PB ieee/STD_LOGIC_UNSIGNED 1381692179 \
      PB work/mksuii 1616434131
AR work/Glink_Decode/Behavioral 1616434219 \
      FL /home/ise/XilinxShare/XTCAV/xilinx/vhdlV550/Glink_Decode.vhd \
      EN work/Glink_Decode 1616434218
FL /home/ise/XilinxShare/XTCAV/xilinx/vhdlV550/glink_intfFixIP.vhd 2021/03/19.00:08:33 P.20131013
EN work/glink_intf 1616434202 \
      FL /home/ise/XilinxShare/XTCAV/xilinx/vhdlV550/glink_intfFixIP.vhd \
      PB ieee/std_logic_1164 1381692176 PB ieee/STD_LOGIC_UNSIGNED 1381692179 \
      PB work/mksuii 1616434131
AR work/glink_intf/Behavioral 1616434203 \
      FL /home/ise/XilinxShare/XTCAV/xilinx/vhdlV550/glink_intfFixIP.vhd \
      EN work/glink_intf 1616434202
FL /home/ise/XilinxShare/XTCAV/xilinx/vhdlV550/IonPump.vhd 2021/03/18.19:08:28 P.20131013
EN work/IonPump 1616434254 \
      FL /home/ise/XilinxShare/XTCAV/xilinx/vhdlV550/IonPump.vhd \
      PB ieee/std_logic_1164 1381692176 PB ieee/std_logic_arith 1381692177 \
      PB ieee/STD_LOGIC_UNSIGNED 1381692179 PB work/mksuii 1616434131
AR work/IonPump/behaviour 1616434255 \
      FL /home/ise/XilinxShare/XTCAV/xilinx/vhdlV550/IonPump.vhd EN work/IonPump 1616434254
FL /home/ise/XilinxShare/XTCAV/xilinx/vhdlV550/LegacyModCmd.vhd 2021/03/18.19:08:28 P.20131013
EN work/LegacyModCmd 1616434248 \
      FL /home/ise/XilinxShare/XTCAV/xilinx/vhdlV550/LegacyModCmd.vhd \
      PB ieee/std_logic_1164 1381692176 PB ieee/std_logic_arith 1381692177 \
      PB ieee/STD_LOGIC_UNSIGNED 1381692179 PB work/mksuii 1616434131
AR work/LegacyModCmd/behaviour 1616434249 \
      FL /home/ise/XilinxShare/XTCAV/xilinx/vhdlV550/LegacyModCmd.vhd \
      EN work/LegacyModCmd 1616434248
FL /home/ise/XilinxShare/XTCAV/xilinx/vhdlV550/LocalTrigger.vhd 2021/03/18.19:08:28 P.20131013
EN work/LocalTrigger 1616434220 \
      FL /home/ise/XilinxShare/XTCAV/xilinx/vhdlV550/LocalTrigger.vhd \
      PB ieee/std_logic_1164 1381692176 PB ieee/std_logic_arith 1381692177 \
      PB ieee/STD_LOGIC_SIGNED 1381692178 PB work/mksuii 1616434131
AR work/LocalTrigger/Behavioral 1616434221 \
      FL /home/ise/XilinxShare/XTCAV/xilinx/vhdlV550/LocalTrigger.vhd \
      EN work/LocalTrigger 1616434220 CP DPot
FL /home/ise/XilinxShare/XTCAV/xilinx/vhdlV550/MagIntf.vhd 2021/03/18.19:08:28 P.20131013
EN work/MagIntf 1616434252 \
      FL /home/ise/XilinxShare/XTCAV/xilinx/vhdlV550/MagIntf.vhd \
      PB ieee/std_logic_1164 1381692176 PB ieee/std_logic_arith 1381692177 \
      PB ieee/STD_LOGIC_UNSIGNED 1381692179 PB work/mksuii 1616434131
AR work/MagIntf/behaviour 1616434253 \
      FL /home/ise/XilinxShare/XTCAV/xilinx/vhdlV550/MagIntf.vhd EN work/MagIntf 1616434252
FL /home/ise/XilinxShare/XTCAV/xilinx/vhdlV550/max1308Intf.vhd 2021/03/18.19:08:28 P.20131013
EN work/Max1308Intf 1616434188 \
      FL /home/ise/XilinxShare/XTCAV/xilinx/vhdlV550/max1308Intf.vhd \
      PB ieee/std_logic_1164 1381692176 PB ieee/std_logic_arith 1381692177 \
      PB ieee/STD_LOGIC_UNSIGNED 1381692179 LB UNISIM PH unisim/VCOMPONENTS 1381692182
AR work/Max1308Intf/Behavioral 1616434189 \
      FL /home/ise/XilinxShare/XTCAV/xilinx/vhdlV550/max1308Intf.vhd \
      EN work/Max1308Intf 1616434188
FL /home/ise/XilinxShare/XTCAV/xilinx/vhdlV550/mksuiiFixedIP_x_pkg.vhd 2021/03/22.17:27:20 P.20131013
PH work/mksuii 1616434130 \
      FL /home/ise/XilinxShare/XTCAV/xilinx/vhdlV550/mksuiiFixedIP_x_pkg.vhd \
      PB ieee/std_logic_1164 1381692176 PB ieee/STD_LOGIC_UNSIGNED 1381692179 \
      PB ieee/STD_LOGIC_TEXTIO 1381692180 CD DPot CD bcd CD clk12clk2 CD mksuii_x \
      CD gigabit_locallink CD glink_intf CD mksuii_Glink CD SPI_Fifo CD DeBounce \
      CD oneshot CD oneshotCen CD oneshotCen4Bit CD ISERDES_NODELAY CD ThresComp \
      CD Acc12x16 CD ram16x16 CD Ram16x16dp CD Max1308intf CD Ram512x12dp CD Div20x8 \
      CD Acc12x20 CD prog_strobe16 CD pulse_delay16 CD Trigger CD Drive_LKUP \
      CD ad9228_tstr CD ad9228input CD FastChannel CD sign32div16 CD sign16xsign16 \
      CD sign16plussign16 CD Ram32X32 CD Digit CD BCDConv CD alu CD Mon_ADC_Cntl \
      CD Slow_ADC_Cntl CD ClkEn_Gen CD FastADCintf CD FrontPanel_LED CD SysMon_intf \
      CD sysmon_dpram CD xsysmon CD TempADC CD Glink_Decode CD FaultHistory \
      CD adds16s16 CD subs16s16 CD subu16u16 CD lkup44004 CD pon_rst CD FastDiffin \
      CD FADCClkDCM CD FADCSpi CD ClkMux CD ClkDet119Mhz CD RFDrive CD FocusCoil \
      CD eDipTFT43_intf CD TankPump CD Sled_intf CD ModCmd CD flow_intf \
      CD LegacyModCmd CD Magintf CD IonPump CD WG_VAC CD Sysinfo CD control_intf \
      CD displayintf CD div54x16x32 CD mults16s16x54 CD FaultGen CD RFDriveDPMem \
      CD sfp_intf CD dpram_fo CD FrontPanel_input CD LocalTrigger CD flash_intf \
      CD flash_fifo CD Flash_Fifo512x16 CD Flash_Fifo_DPRam512x15 \
      CD FaultHistoryRam
PB work/mksuii 1616434131 \
      FL /home/ise/XilinxShare/XTCAV/xilinx/vhdlV550/mksuiiFixedIP_x_pkg.vhd \
      PH work/mksuii 1616434130
FL /home/ise/XilinxShare/XTCAV/xilinx/vhdlV550/mksuii_Glink.vhd 2021/03/18.21:30:29 P.20131013
EN work/MKSUII_GLink 1616434216 \
      FL /home/ise/XilinxShare/XTCAV/xilinx/vhdlV550/mksuii_Glink.vhd LB UNISIM \
      PH unisim/VCOMPONENTS 1381692182 PB ieee/std_logic_1164 1381692176 \
      PB work/mksuii 1616434131
AR work/MKSUII_GLink/Behavioral 1616434217 \
      FL /home/ise/XilinxShare/XTCAV/xilinx/vhdlV550/mksuii_Glink.vhd \
      EN work/MKSUII_GLink 1616434216 CP glink_intf CP IBUFDS CP bufg \
      CP gigabit_locallink
FL /home/ise/XilinxShare/XTCAV/xilinx/vhdlV550/mksuii_x.vhd 2021/03/18.22:45:11 P.20131013
EN work/mksuii_x 1616434270 \
      FL /home/ise/XilinxShare/XTCAV/xilinx/vhdlV550/mksuii_x.vhd \
      PB ieee/std_logic_1164 1381692176 PB ieee/std_logic_arith 1381692177 \
      PB ieee/STD_LOGIC_UNSIGNED 1381692179 PB work/mksuii 1616434131 LB UNISIM \
      PH unisim/VCOMPONENTS 1381692182
AR work/mksuii_x/Behavioral 1616434271 \
      FL /home/ise/XilinxShare/XTCAV/xilinx/vhdlV550/mksuii_x.vhd \
      EN work/mksuii_x 1616434270 CP pon_rst CP IBUFDS CP bufg CP ClkDet119Mhz \
      CP ClkMux CP ClkEn_Gen CP FrontPanel_Input CP mksuii_GLink CP Glink_Decode \
      CP LocalTrigger CP Trigger CP FastADCIntf CP Slow_ADC_Cntl CP Mon_ADC_Cntl \
      CP FrontPanel_LED CP SysMon_Intf CP TempADC CP FADCSpi CP RFDrive CP FocusCoil \
      CP TankPump CP ModCmd CP flow_intf CP LegacyModCmd CP WG_VAC CP MagIntf \
      CP IonPump CP control_intf CP SysInfo CP displayIntf CP FaultGen \
      CP FaultHistory CP sfp_intf CP flash_intf
FL /home/ise/XilinxShare/XTCAV/xilinx/vhdlV550/ModCmd.vhd 2021/03/18.19:08:28 P.20131013
EN work/ModCmd 1616434244 \
      FL /home/ise/XilinxShare/XTCAV/xilinx/vhdlV550/ModCmd.vhd \
      PB ieee/std_logic_1164 1381692176 PB ieee/std_logic_arith 1381692177 \
      PB ieee/STD_LOGIC_UNSIGNED 1381692179 PB work/mksuii 1616434131
AR work/ModCmd/behaviour 1616434245 \
      FL /home/ise/XilinxShare/XTCAV/xilinx/vhdlV550/ModCmd.vhd EN work/ModCmd 1616434244 \
      CP oneshotCen
FL /home/ise/XilinxShare/XTCAV/xilinx/vhdlV550/Mon_ADC_Cntl.vhd 2021/03/18.19:08:28 P.20131013
EN work/Mon_ADC_Cntl 1616434228 \
      FL /home/ise/XilinxShare/XTCAV/xilinx/vhdlV550/Mon_ADC_Cntl.vhd \
      PB ieee/std_logic_1164 1381692176 PB ieee/STD_LOGIC_SIGNED 1381692178 \
      PB work/mksuii 1616434131
AR work/Mon_ADC_Cntl/Behavioral 1616434229 \
      FL /home/ise/XilinxShare/XTCAV/xilinx/vhdlV550/Mon_ADC_Cntl.vhd \
      EN work/Mon_ADC_Cntl 1616434228 CP Max1308Intf CP Acc12x16 CP ram16x16 \
      CP Ram16x16dp
FL /home/ise/XilinxShare/XTCAV/xilinx/vhdlV550/oneshotCEn.vhd 2021/03/18.19:08:28 P.20131013
EN work/oneshotCEn 1616434180 \
      FL /home/ise/XilinxShare/XTCAV/xilinx/vhdlV550/oneshotCEn.vhd \
      PB work/mksuii 1616434131 PB ieee/std_logic_1164 1381692176 \
      PB ieee/STD_LOGIC_UNSIGNED 1381692179
AR work/oneshotCEn/Behaviour 1616434181 \
      FL /home/ise/XilinxShare/XTCAV/xilinx/vhdlV550/oneshotCEn.vhd \
      EN work/oneshotCEn 1616434180
FL /home/ise/XilinxShare/XTCAV/xilinx/vhdlV550/oneshotCEn4Bit.vhd 2021/03/18.19:08:28 P.20131013
EN work/oneshotCEn4Bit 1616434172 \
      FL /home/ise/XilinxShare/XTCAV/xilinx/vhdlV550/oneshotCEn4Bit.vhd \
      PB work/mksuii 1616434131 PB ieee/std_logic_1164 1381692176 \
      PB ieee/STD_LOGIC_UNSIGNED 1381692179
AR work/oneshotCEn4Bit/Behaviour 1616434173 \
      FL /home/ise/XilinxShare/XTCAV/xilinx/vhdlV550/oneshotCEn4Bit.vhd \
      EN work/oneshotCEn4Bit 1616434172
FL /home/ise/XilinxShare/XTCAV/xilinx/vhdlV550/pon_rst.vhd 2021/03/18.19:08:28 P.20131013
EN work/pon_rst 1616434206 \
      FL /home/ise/XilinxShare/XTCAV/xilinx/vhdlV550/pon_rst.vhd \
      PB ieee/std_logic_1164 1381692176 PB ieee/std_logic_arith 1381692177 \
      PB ieee/STD_LOGIC_UNSIGNED 1381692179
AR work/pon_rst/Behavioral 1616434207 \
      FL /home/ise/XilinxShare/XTCAV/xilinx/vhdlV550/pon_rst.vhd EN work/pon_rst 1616434206
FL /home/ise/XilinxShare/XTCAV/xilinx/vhdlV550/prog_strobe16.vhd 2021/03/18.19:08:27 P.20131013
EN work/prog_strobe16 1616434148 \
      FL /home/ise/XilinxShare/XTCAV/xilinx/vhdlV550/prog_strobe16.vhd \
      PB ieee/std_logic_1164 1381692176 PB ieee/STD_LOGIC_UNSIGNED 1381692179
AR work/prog_strobe16/Behaviour 1616434149 \
      FL /home/ise/XilinxShare/XTCAV/xilinx/vhdlV550/prog_strobe16.vhd \
      EN work/prog_strobe16 1616434148
FL /home/ise/XilinxShare/XTCAV/xilinx/vhdlV550/RFDrive.vhd 2021/03/18.19:08:27 P.20131013
EN work/RFDrive 1616434238 \
      FL /home/ise/XilinxShare/XTCAV/xilinx/vhdlV550/RFDrive.vhd \
      PB ieee/std_logic_1164 1381692176 PB ieee/std_logic_arith 1381692177 \
      PB ieee/STD_LOGIC_UNSIGNED 1381692179 PB work/mksuii 1616434131
AR work/RFDrive/behaviour 1616434239 \
      FL /home/ise/XilinxShare/XTCAV/xilinx/vhdlV550/RFDrive.vhd EN work/RFDrive 1616434238 \
      CP RFDriveDPMem
FL /home/ise/XilinxShare/XTCAV/xilinx/vhdlV550/sfp_intf.vhd 2021/03/18.19:08:27 P.20131013
EN work/sfp_intf 1616434266 \
      FL /home/ise/XilinxShare/XTCAV/xilinx/vhdlV550/sfp_intf.vhd \
      PB ieee/std_logic_1164 1381692176 PB ieee/std_logic_arith 1381692177 \
      PB ieee/STD_LOGIC_UNSIGNED 1381692179 PB work/mksuii 1616434131
AR work/sfp_intf/Behavioral 1616434267 \
      FL /home/ise/XilinxShare/XTCAV/xilinx/vhdlV550/sfp_intf.vhd \
      EN work/sfp_intf 1616434266 CP dpram_fo
FL /home/ise/XilinxShare/XTCAV/xilinx/vhdlV550/Slow_ADC_Cntl.vhd 2021/03/18.19:08:27 P.20131013
EN work/Slow_ADC_Cntl 1616434226 \
      FL /home/ise/XilinxShare/XTCAV/xilinx/vhdlV550/Slow_ADC_Cntl.vhd \
      PB ieee/std_logic_1164 1381692176 PB ieee/STD_LOGIC_UNSIGNED 1381692179 \
      PB work/mksuii 1616434131
AR work/Slow_ADC_Cntl/Behavioral 1616434227 \
      FL /home/ise/XilinxShare/XTCAV/xilinx/vhdlV550/Slow_ADC_Cntl.vhd \
      EN work/Slow_ADC_Cntl 1616434226 CP Max1308Intf CP Acc12x16 CP ram16x16 \
      CP Ram16x16dp CP ThresComp
FL /home/ise/XilinxShare/XTCAV/xilinx/vhdlV550/SysInfo.vhd 2021/03/18.19:08:27 P.20131013
EN work/SysInfo 1616434258 \
      FL /home/ise/XilinxShare/XTCAV/xilinx/vhdlV550/SysInfo.vhd \
      PB ieee/std_logic_1164 1381692176 PB ieee/std_logic_arith 1381692177 \
      PB ieee/STD_LOGIC_UNSIGNED 1381692179 PB work/mksuii 1616434131
AR work/SysInfo/behaviour 1616434259 \
      FL /home/ise/XilinxShare/XTCAV/xilinx/vhdlV550/SysInfo.vhd EN work/SysInfo 1616434258
FL /home/ise/XilinxShare/XTCAV/xilinx/vhdlV550/SysMon_Intf.vhd 2021/03/18.19:08:27 P.20131013
EN work/SysMon_Intf 1616434232 \
      FL /home/ise/XilinxShare/XTCAV/xilinx/vhdlV550/SysMon_Intf.vhd \
      PB ieee/std_logic_1164 1381692176 PB ieee/std_logic_arith 1381692177 \
      PB ieee/STD_LOGIC_UNSIGNED 1381692179 PB work/mksuii 1616434131
AR work/SysMon_Intf/Behavioral 1616434233 \
      FL /home/ise/XilinxShare/XTCAV/xilinx/vhdlV550/SysMon_Intf.vhd \
      EN work/SysMon_Intf 1616434232 CP xsysmon CP sysmon_dpram
FL /home/ise/XilinxShare/XTCAV/xilinx/vhdlV550/TankPump.vhd 2021/03/18.19:08:27 P.20131013
EN work/TankPump 1616434242 \
      FL /home/ise/XilinxShare/XTCAV/xilinx/vhdlV550/TankPump.vhd \
      PB ieee/std_logic_1164 1381692176 PB ieee/std_logic_arith 1381692177 \
      PB ieee/STD_LOGIC_UNSIGNED 1381692179 PB work/mksuii 1616434131
AR work/TankPump/behaviour 1616434243 \
      FL /home/ise/XilinxShare/XTCAV/xilinx/vhdlV550/TankPump.vhd \
      EN work/TankPump 1616434242
FL /home/ise/XilinxShare/XTCAV/xilinx/vhdlV550/TempADC.vhd 2021/03/18.19:08:27 P.20131013
EN work/TempADC 1616434234 \
      FL /home/ise/XilinxShare/XTCAV/xilinx/vhdlV550/TempADC.vhd \
      PB ieee/std_logic_1164 1381692176 PB ieee/std_logic_arith 1381692177 \
      PB ieee/STD_LOGIC_SIGNED 1381692178 PB work/mksuii 1616434131
AR work/TempADC/behaviour 1616434235 \
      FL /home/ise/XilinxShare/XTCAV/xilinx/vhdlV550/TempADC.vhd EN work/TempADC 1616434234
FL /home/ise/XilinxShare/XTCAV/xilinx/vhdlV550/ThresComp.vhd 2021/03/18.19:08:27 P.20131013
EN work/ThresComp 1616434152 \
      FL /home/ise/XilinxShare/XTCAV/xilinx/vhdlV550/ThresComp.vhd \
      PB ieee/std_logic_1164 1381692176 PB ieee/STD_LOGIC_SIGNED 1381692178
AR work/ThresComp/Behavioral 1616434153 \
      FL /home/ise/XilinxShare/XTCAV/xilinx/vhdlV550/ThresComp.vhd \
      EN work/ThresComp 1616434152
FL /home/ise/XilinxShare/XTCAV/xilinx/vhdlV550/Trigger.vhd 2021/03/22.17:28:42 P.20131013
EN work/Trigger 1616434222 \
      FL /home/ise/XilinxShare/XTCAV/xilinx/vhdlV550/Trigger.vhd \
      PB ieee/std_logic_1164 1381692176 PB ieee/std_logic_arith 1381692177 \
      PB ieee/STD_LOGIC_UNSIGNED 1381692179 PB work/mksuii 1616434131 LB UNISIM \
      PH unisim/VCOMPONENTS 1381692182
AR work/Trigger/behaviour 1616434223 \
      FL /home/ise/XilinxShare/XTCAV/xilinx/vhdlV550/Trigger.vhd EN work/Trigger 1616434222 \
      CP IBUFDS CP oneshotCen CP prog_strobe16
FL /home/ise/XilinxShare/XTCAV/xilinx/vhdlV550/WGVac.vhd 2021/03/18.19:08:27 P.20131013
EN work/WG_VAC 1616434250 \
      FL /home/ise/XilinxShare/XTCAV/xilinx/vhdlV550/WGVac.vhd \
      PB ieee/std_logic_1164 1381692176 PB ieee/std_logic_arith 1381692177 \
      PB ieee/STD_LOGIC_UNSIGNED 1381692179 PB work/mksuii 1616434131
AR work/WG_VAC/behaviour 1616434251 \
      FL /home/ise/XilinxShare/XTCAV/xilinx/vhdlV550/WGVac.vhd EN work/WG_VAC 1616434250
